[2026-10-03 22:14:16.200] [info] connecting to stream.binance.com:9443/stream?streams=btcusdt@trade/ethusdt@trade/solusdt@trade/bnbusdt@trade
[2026-10-03 22:14:18.441] [info] connected
[2026-10-03 22:14:26.200] [info] stats: 4.3 trades/s [ BNBUSDT=0.8 BTCUSDT=2.0 ETHUSDT=0.5 SOLUSDT=1.0 ] total=43 gaps=0 missing=0 reconnects=0 unparseable=0 queue=0 queue_max=2 dropped=0 written=43 commits=43
[2026-10-03 22:14:36.200] [info] stats: 8.3 trades/s [ BNBUSDT=3.5 BTCUSDT=2.6 ETHUSDT=1.4 SOLUSDT=0.8 ] total=126 gaps=0 missing=0 reconnects=0 unparseable=0 queue=0 queue_max=13 dropped=0 written=126 commits=126
[2026-10-03 22:14:46.201] [info] stats: 8.1 trades/s [ BNBUSDT=4.9 BTCUSDT=2.0 ETHUSDT=0.7 SOLUSDT=0.5 ] total=207 gaps=0 missing=0 reconnects=0 unparseable=0 queue=0 queue_max=13 dropped=0 written=207 commits=207
[2026-10-03 22:14:56.201] [info] stats: 12.9 trades/s [ BNBUSDT=2.1 BTCUSDT=9.9 ETHUSDT=0.4 SOLUSDT=0.5 ] total=336 gaps=0 missing=0 reconnects=0 unparseable=0 queue=0 queue_max=13 dropped=0 written=336 commits=336
[2026-10-03 22:15:06.201] [info] stats: 30.8 trades/s [ BNBUSDT=6.9 BTCUSDT=5.8 ETHUSDT=8.9 SOLUSDT=9.2 ] total=644 gaps=0 missing=0 reconnects=0 unparseable=0 queue=0 queue_max=105 dropped=0 written=644 commits=644
[2026-10-03 22:15:16.201] [info] stats: 22.0 trades/s [ BNBUSDT=1.6 BTCUSDT=13.4 ETHUSDT=5.1 SOLUSDT=1.9 ] total=864 gaps=0 missing=0 reconnects=0 unparseable=0 queue=0 queue_max=105 dropped=0 written=864 commits=864
[2026-10-03 22:15:26.201] [info] stats: 48.1 trades/s [ BNBUSDT=36.3 BTCUSDT=9.9 ETHUSDT=0.9 SOLUSDT=1.0 ] total=1345 gaps=0 missing=0 reconnects=0 unparseable=0 queue=0 queue_max=110 dropped=0 written=1345 commits=1345
[2026-10-03 22:15:36.202] [info] stats: 10.8 trades/s [ BNBUSDT=6.8 BTCUSDT=2.9 ETHUSDT=0.6 SOLUSDT=0.5 ] total=1453 gaps=0 missing=0 reconnects=0 unparseable=0 queue=14 queue_max=110 dropped=0 written=1438 commits=1438
[2026-10-03 22:15:46.202] [info] stats: 16.8 trades/s [ BNBUSDT=10.0 BTCUSDT=4.6 ETHUSDT=1.6 SOLUSDT=0.6 ] total=1621 gaps=0 missing=0 reconnects=0 unparseable=0 queue=0 queue_max=110 dropped=0 written=1621 commits=1621
[2026-10-03 22:15:56.202] [info] stats: 44.6 trades/s [ BNBUSDT=27.1 BTCUSDT=10.0 ETHUSDT=1.5 SOLUSDT=6.0 ] total=2067 gaps=0 missing=0 reconnects=0 unparseable=0 queue=0 queue_max=176 dropped=0 written=2067 commits=2067
[2026-10-03 22:16:06.202] [info] stats: 167.8 trades/s [ BNBUSDT=82.5 BTCUSDT=58.2 ETHUSDT=19.3 SOLUSDT=7.8 ] total=3745 gaps=0 missing=0 reconnects=0 unparseable=0 queue=0 queue_max=636 dropped=0 written=3745 commits=3745
[2026-10-03 22:16:16.202] [info] stats: 49.2 trades/s [ BNBUSDT=30.7 BTCUSDT=11.5 ETHUSDT=2.3 SOLUSDT=4.7 ] total=4237 gaps=0 missing=0 reconnects=0 unparseable=0 queue=0 queue_max=636 dropped=0 written=4237 commits=4237
[2026-10-03 22:16:26.203] [info] stats: 83.1 trades/s [ BNBUSDT=50.2 BTCUSDT=20.6 ETHUSDT=7.7 SOLUSDT=4.6 ] total=5068 gaps=0 missing=0 reconnects=0 unparseable=0 queue=1 queue_max=636 dropped=0 written=5066 commits=5066
[2026-10-03 22:16:36.203] [info] stats: 100.1 trades/s [ BNBUSDT=33.4 BTCUSDT=38.1 ETHUSDT=19.4 SOLUSDT=9.2 ] total=6069 gaps=0 missing=0 reconnects=0 unparseable=0 queue=0 queue_max=636 dropped=0 written=6069 commits=6069
[2026-10-03 22:16:46.203] [info] stats: 41.3 trades/s [ BNBUSDT=16.3 BTCUSDT=21.7 ETHUSDT=1.8 SOLUSDT=1.5 ] total=6482 gaps=0 missing=0 reconnects=0 unparseable=0 queue=39 queue_max=636 dropped=0 written=6442 commits=6442
[2026-10-03 22:16:56.203] [info] stats: 138.1 trades/s [ BNBUSDT=41.8 BTCUSDT=42.8 ETHUSDT=50.4 SOLUSDT=3.1 ] total=7863 gaps=0 missing=0 reconnects=0 unparseable=0 queue=0 queue_max=636 dropped=0 written=7863 commits=7863
[2026-10-03 22:17:06.204] [info] stats: 17.1 trades/s [ BNBUSDT=8.1 BTCUSDT=4.9 ETHUSDT=3.2 SOLUSDT=0.9 ] total=8034 gaps=0 missing=0 reconnects=0 unparseable=0 queue=0 queue_max=636 dropped=0 written=8034 commits=8034
[2026-10-03 22:17:16.204] [info] stats: 123.7 trades/s [ BNBUSDT=7.3 BTCUSDT=25.0 ETHUSDT=87.5 SOLUSDT=3.9 ] total=9271 gaps=0 missing=0 reconnects=0 unparseable=0 queue=0 queue_max=636 dropped=0 written=9271 commits=9271
[2026-10-03 22:17:26.204] [info] stats: 43.3 trades/s [ BNBUSDT=24.1 BTCUSDT=11.0 ETHUSDT=2.4 SOLUSDT=5.8 ] total=9704 gaps=0 missing=0 reconnects=0 unparseable=0 queue=0 queue_max=636 dropped=0 written=9704 commits=9704
[2026-10-03 22:17:36.204] [info] stats: 10.4 trades/s [ BNBUSDT=1.4 BTCUSDT=6.7 ETHUSDT=1.9 SOLUSDT=0.4 ] total=9808 gaps=0 missing=0 reconnects=0 unparseable=0 queue=0 queue_max=636 dropped=0 written=9808 commits=9808
[2026-10-03 22:17:46.204] [info] stats: 69.8 trades/s [ BNBUSDT=21.7 BTCUSDT=46.4 ETHUSDT=1.2 SOLUSDT=0.5 ] total=10506 gaps=0 missing=0 reconnects=0 unparseable=0 queue=0 queue_max=636 dropped=0 written=10506 commits=10506
[2026-10-03 22:17:56.205] [info] stats: 16.5 trades/s [ BNBUSDT=10.9 BTCUSDT=2.1 ETHUSDT=2.9 SOLUSDT=0.6 ] total=10671 gaps=0 missing=0 reconnects=0 unparseable=0 queue=0 queue_max=636 dropped=0 written=10671 commits=10671
[2026-10-03 22:18:06.205] [info] stats: 25.9 trades/s [ BNBUSDT=3.3 BTCUSDT=19.6 ETHUSDT=1.2 SOLUSDT=1.8 ] total=10930 gaps=0 missing=0 reconnects=0 unparseable=0 queue=0 queue_max=636 dropped=0 written=10930 commits=10930
[2026-10-03 22:18:16.206] [info] stats: 10.6 trades/s [ BNBUSDT=5.8 BTCUSDT=2.9 ETHUSDT=1.1 SOLUSDT=0.8 ] total=11036 gaps=0 missing=0 reconnects=0 unparseable=0 queue=0 queue_max=636 dropped=0 written=11036 commits=11036
[2026-10-03 22:18:26.206] [info] stats: 11.6 trades/s [ BNBUSDT=4.6 BTCUSDT=4.3 ETHUSDT=1.5 SOLUSDT=1.2 ] total=11152 gaps=0 missing=0 reconnects=0 unparseable=0 queue=0 queue_max=636 dropped=0 written=11152 commits=11152
[2026-10-03 22:18:36.207] [info] stats: 4.4 trades/s [ BNBUSDT=1.1 BTCUSDT=2.2 ETHUSDT=0.3 SOLUSDT=0.8 ] total=11196 gaps=0 missing=0 reconnects=0 unparseable=0 queue=0 queue_max=636 dropped=0 written=11196 commits=11196
[2026-10-03 22:18:46.207] [info] stats: 21.2 trades/s [ BNBUSDT=16.8 BTCUSDT=2.0 ETHUSDT=0.6 SOLUSDT=1.8 ] total=11408 gaps=0 missing=0 reconnects=0 unparseable=0 queue=0 queue_max=636 dropped=0 written=11408 commits=11408
[2026-10-03 22:18:56.207] [info] stats: 10.9 trades/s [ BNBUSDT=7.1 BTCUSDT=2.2 ETHUSDT=0.8 SOLUSDT=0.8 ] total=11517 gaps=0 missing=0 reconnects=0 unparseable=0 queue=0 queue_max=636 dropped=0 written=11517 commits=11517
[2026-10-03 22:19:06.207] [info] stats: 78.8 trades/s [ BNBUSDT=7.6 BTCUSDT=1.3 ETHUSDT=61.5 SOLUSDT=8.4 ] total=12305 gaps=0 missing=0 reconnects=0 unparseable=0 queue=0 queue_max=636 dropped=0 written=12305 commits=12305
[2026-10-03 22:19:16.146] [info] received signal 2, shutting down (press Ctrl+C again to force)
[2026-10-03 22:19:16.147] [info] stopping feed client
[2026-10-03 22:19:16.207] [info] stats: 30.6 trades/s [ BNBUSDT=1.1 BTCUSDT=2.0 ETHUSDT=24.6 SOLUSDT=2.9 ] total=12611 gaps=0 missing=0 reconnects=0 unparseable=0 queue=0 queue_max=636 dropped=0 written=12611 commits=12611
[2026-10-03 22:19:16.909] [info] connection closed (server skipped TLS close_notify)
[2026-10-03 22:19:16.909] [info] feed stopped: total=12611 gaps=0 missing=0 reconnects=0 unparseable=0 dropped=0 queue_max=636
[2026-10-03 22:19:16.926] [info] wrote 12611 latency samples to bench/results/phase4-latency-naive.ns
[2026-10-03 22:19:16.926] [info] shut down
