[2026-10-04 08:54:26.508] [info] connecting to stream.binance.com:9443/stream?streams=btcusdt@trade/ethusdt@trade/solusdt@trade/bnbusdt@trade
[2026-10-04 08:54:27.799] [info] connected
[2026-10-04 08:54:31.508] [info] stats: 5.0 trades/s [ BNBUSDT=0.8 BTCUSDT=2.6 ETHUSDT=0.8 SOLUSDT=0.8 ] total=25 gaps=0 missing=0 reconnects=0 unparseable=0 queue=0 queue_max=1 dropped=0 written=22 commits=8
[2026-10-04 08:54:36.509] [info] stats: 5.8 trades/s [ BNBUSDT=1.0 BTCUSDT=3.4 ETHUSDT=1.2 SOLUSDT=0.2 ] total=54 gaps=0 missing=0 reconnects=0 unparseable=0 queue=0 queue_max=1 dropped=0 written=53 commits=19
[2026-10-04 08:54:41.509] [info] stats: 6.0 trades/s [ BNBUSDT=0.0 BTCUSDT=2.0 ETHUSDT=3.4 SOLUSDT=0.6 ] total=84 gaps=0 missing=0 reconnects=0 unparseable=0 queue=0 queue_max=2 dropped=0 written=84 commits=30
[2026-10-04 08:54:46.510] [info] stats: 6.8 trades/s [ BNBUSDT=1.2 BTCUSDT=2.2 ETHUSDT=2.4 SOLUSDT=1.0 ] total=118 gaps=0 missing=0 reconnects=0 unparseable=0 queue=0 queue_max=5 dropped=0 written=117 commits=44
[2026-10-04 08:54:51.511] [info] stats: 47.2 trades/s [ BNBUSDT=1.0 BTCUSDT=44.6 ETHUSDT=1.4 SOLUSDT=0.2 ] total=354 gaps=0 missing=0 reconnects=0 unparseable=0 queue=0 queue_max=41 dropped=0 written=354 commits=56
[2026-10-04 08:54:56.511] [info] stats: 44.0 trades/s [ BNBUSDT=12.6 BTCUSDT=5.4 ETHUSDT=25.2 SOLUSDT=0.8 ] total=574 gaps=0 missing=0 reconnects=0 unparseable=0 queue=0 queue_max=41 dropped=0 written=572 commits=69
[2026-10-04 08:55:01.511] [info] stats: 17.8 trades/s [ BNBUSDT=11.2 BTCUSDT=5.6 ETHUSDT=0.6 SOLUSDT=0.4 ] total=663 gaps=0 missing=0 reconnects=0 unparseable=0 queue=0 queue_max=41 dropped=0 written=659 commits=81
[2026-10-04 08:55:06.511] [info] stats: 5.0 trades/s [ BNBUSDT=1.0 BTCUSDT=2.6 ETHUSDT=1.0 SOLUSDT=0.4 ] total=688 gaps=0 missing=0 reconnects=0 unparseable=0 queue=0 queue_max=41 dropped=0 written=688 commits=92
[2026-10-04 08:55:11.512] [info] stats: 10.6 trades/s [ BNBUSDT=1.6 BTCUSDT=4.2 ETHUSDT=4.0 SOLUSDT=0.8 ] total=741 gaps=0 missing=0 reconnects=0 unparseable=0 queue=0 queue_max=41 dropped=0 written=741 commits=103
[2026-10-04 08:55:16.512] [info] stats: 6.6 trades/s [ BNBUSDT=0.4 BTCUSDT=5.2 ETHUSDT=1.0 SOLUSDT=0.0 ] total=774 gaps=0 missing=0 reconnects=0 unparseable=0 queue=0 queue_max=41 dropped=0 written=773 commits=115
[2026-10-04 08:55:21.513] [info] stats: 61.4 trades/s [ BNBUSDT=21.2 BTCUSDT=2.8 ETHUSDT=18.4 SOLUSDT=19.0 ] total=1081 gaps=0 missing=0 reconnects=0 unparseable=0 queue=45 queue_max=45 dropped=0 written=899 commits=129
[2026-10-04 08:55:26.513] [info] stats: 13.6 trades/s [ BNBUSDT=4.4 BTCUSDT=3.0 ETHUSDT=4.6 SOLUSDT=1.6 ] total=1149 gaps=0 missing=0 reconnects=0 unparseable=0 queue=0 queue_max=47 dropped=0 written=1148 commits=142
[2026-10-04 08:55:31.514] [info] stats: 8.6 trades/s [ BNBUSDT=1.2 BTCUSDT=4.4 ETHUSDT=2.6 SOLUSDT=0.4 ] total=1192 gaps=0 missing=0 reconnects=0 unparseable=0 queue=0 queue_max=47 dropped=0 written=1191 commits=151
[2026-10-04 08:55:36.514] [info] stats: 15.8 trades/s [ BNBUSDT=7.6 BTCUSDT=2.8 ETHUSDT=5.0 SOLUSDT=0.4 ] total=1271 gaps=0 missing=0 reconnects=0 unparseable=0 queue=0 queue_max=47 dropped=0 written=1270 commits=163
[2026-10-04 08:55:41.515] [info] stats: 7.2 trades/s [ BNBUSDT=4.8 BTCUSDT=2.2 ETHUSDT=0.2 SOLUSDT=0.0 ] total=1307 gaps=0 missing=0 reconnects=0 unparseable=0 queue=0 queue_max=47 dropped=0 written=1307 commits=174
[2026-10-04 08:55:46.515] [info] stats: 6.8 trades/s [ BNBUSDT=1.4 BTCUSDT=2.8 ETHUSDT=1.2 SOLUSDT=1.4 ] total=1341 gaps=0 missing=0 reconnects=0 unparseable=0 queue=0 queue_max=47 dropped=0 written=1341 commits=187
[2026-10-04 08:55:51.515] [info] stats: 5.2 trades/s [ BNBUSDT=0.4 BTCUSDT=2.8 ETHUSDT=1.2 SOLUSDT=0.8 ] total=1367 gaps=0 missing=0 reconnects=0 unparseable=0 queue=0 queue_max=47 dropped=0 written=1366 commits=199
[2026-10-04 08:55:56.516] [info] stats: 120.6 trades/s [ BNBUSDT=10.4 BTCUSDT=98.4 ETHUSDT=0.6 SOLUSDT=11.2 ] total=1970 gaps=0 missing=0 reconnects=0 unparseable=0 queue=0 queue_max=47 dropped=0 written=1970 commits=209
[2026-10-04 08:56:01.516] [info] stats: 8.2 trades/s [ BNBUSDT=3.4 BTCUSDT=2.2 ETHUSDT=1.4 SOLUSDT=1.2 ] total=2011 gaps=0 missing=0 reconnects=0 unparseable=0 queue=0 queue_max=47 dropped=0 written=2010 commits=221
[2026-10-04 08:56:06.517] [info] stats: 11.4 trades/s [ BNBUSDT=9.2 BTCUSDT=1.0 ETHUSDT=0.8 SOLUSDT=0.4 ] total=2068 gaps=0 missing=0 reconnects=0 unparseable=0 queue=0 queue_max=47 dropped=0 written=2068 commits=233
[2026-10-04 08:56:11.517] [info] stats: 3.4 trades/s [ BNBUSDT=1.2 BTCUSDT=1.2 ETHUSDT=0.6 SOLUSDT=0.4 ] total=2085 gaps=0 missing=0 reconnects=0 unparseable=0 queue=0 queue_max=47 dropped=0 written=2083 commits=241
[2026-10-04 08:56:16.518] [info] stats: 6.8 trades/s [ BNBUSDT=0.6 BTCUSDT=4.0 ETHUSDT=1.2 SOLUSDT=1.0 ] total=2119 gaps=0 missing=0 reconnects=0 unparseable=0 queue=0 queue_max=47 dropped=0 written=2117 commits=256
[2026-10-04 08:56:21.518] [info] stats: 60.8 trades/s [ BNBUSDT=0.6 BTCUSDT=50.8 ETHUSDT=0.6 SOLUSDT=8.8 ] total=2423 gaps=0 missing=0 reconnects=0 unparseable=0 queue=0 queue_max=47 dropped=0 written=2422 commits=268
[2026-10-04 08:56:26.518] [info] stats: 4.4 trades/s [ BNBUSDT=1.2 BTCUSDT=2.0 ETHUSDT=0.8 SOLUSDT=0.4 ] total=2445 gaps=0 missing=0 reconnects=0 unparseable=0 queue=0 queue_max=47 dropped=0 written=2444 commits=280
[2026-10-04 08:56:31.518] [info] stats: 4.4 trades/s [ BNBUSDT=1.2 BTCUSDT=2.4 ETHUSDT=0.6 SOLUSDT=0.2 ] total=2467 gaps=0 missing=0 reconnects=0 unparseable=0 queue=0 queue_max=47 dropped=0 written=2467 commits=293
[2026-10-04 08:56:36.519] [info] stats: 49.6 trades/s [ BNBUSDT=1.6 BTCUSDT=38.4 ETHUSDT=0.4 SOLUSDT=9.2 ] total=2715 gaps=0 missing=0 reconnects=0 unparseable=0 queue=8 queue_max=47 dropped=0 written=2703 commits=301
[2026-10-04 08:56:41.519] [info] stats: 48.4 trades/s [ BNBUSDT=1.6 BTCUSDT=44.2 ETHUSDT=1.2 SOLUSDT=1.4 ] total=2957 gaps=0 missing=0 reconnects=0 unparseable=0 queue=2 queue_max=213 dropped=0 written=2941 commits=307
[2026-10-04 08:56:46.520] [info] stats: 14.0 trades/s [ BNBUSDT=10.4 BTCUSDT=2.6 ETHUSDT=0.2 SOLUSDT=0.8 ] total=3027 gaps=0 missing=0 reconnects=0 unparseable=0 queue=4 queue_max=213 dropped=0 written=2995 commits=310
[2026-10-04 08:56:51.520] [info] stats: 2.4 trades/s [ BNBUSDT=0.0 BTCUSDT=1.8 ETHUSDT=0.2 SOLUSDT=0.4 ] total=3039 gaps=0 missing=0 reconnects=0 unparseable=0 queue=0 queue_max=213 dropped=0 written=3039 commits=318
[2026-10-04 08:56:56.521] [info] stats: 7.8 trades/s [ BNBUSDT=6.4 BTCUSDT=0.8 ETHUSDT=0.4 SOLUSDT=0.2 ] total=3078 gaps=0 missing=0 reconnects=0 unparseable=0 queue=0 queue_max=213 dropped=0 written=3077 commits=325
[2026-10-04 08:57:01.521] [info] stats: 4.0 trades/s [ BNBUSDT=0.0 BTCUSDT=1.6 ETHUSDT=1.6 SOLUSDT=0.8 ] total=3098 gaps=0 missing=0 reconnects=0 unparseable=0 queue=0 queue_max=213 dropped=0 written=3097 commits=337
[2026-10-04 08:57:06.521] [info] stats: 7.0 trades/s [ BNBUSDT=1.0 BTCUSDT=3.2 ETHUSDT=0.6 SOLUSDT=2.2 ] total=3133 gaps=0 missing=0 reconnects=0 unparseable=0 queue=0 queue_max=213 dropped=0 written=3133 commits=350
[2026-10-04 08:57:11.522] [info] stats: 3.2 trades/s [ BNBUSDT=0.4 BTCUSDT=2.4 ETHUSDT=0.2 SOLUSDT=0.2 ] total=3149 gaps=0 missing=0 reconnects=0 unparseable=0 queue=0 queue_max=213 dropped=0 written=3148 commits=359
[2026-10-04 08:57:16.522] [info] stats: 4.8 trades/s [ BNBUSDT=1.2 BTCUSDT=2.0 ETHUSDT=1.0 SOLUSDT=0.6 ] total=3173 gaps=0 missing=0 reconnects=0 unparseable=0 queue=0 queue_max=213 dropped=0 written=3173 commits=371
[2026-10-04 08:57:21.522] [info] stats: 92.6 trades/s [ BNBUSDT=68.0 BTCUSDT=1.8 ETHUSDT=10.6 SOLUSDT=12.2 ] total=3636 gaps=0 missing=0 reconnects=0 unparseable=0 queue=0 queue_max=213 dropped=0 written=3635 commits=383
[2026-10-04 08:57:26.522] [info] stats: 12.4 trades/s [ BNBUSDT=1.4 BTCUSDT=2.2 ETHUSDT=8.0 SOLUSDT=0.8 ] total=3698 gaps=0 missing=0 reconnects=0 unparseable=0 queue=0 queue_max=213 dropped=0 written=3692 commits=392
[2026-10-04 08:57:31.522] [info] stats: 4.6 trades/s [ BNBUSDT=0.2 BTCUSDT=2.6 ETHUSDT=0.4 SOLUSDT=1.4 ] total=3721 gaps=0 missing=0 reconnects=0 unparseable=0 queue=0 queue_max=213 dropped=0 written=3721 commits=404
[2026-10-04 08:57:36.523] [info] stats: 6.6 trades/s [ BNBUSDT=2.0 BTCUSDT=3.0 ETHUSDT=1.2 SOLUSDT=0.4 ] total=3754 gaps=0 missing=0 reconnects=0 unparseable=0 queue=0 queue_max=213 dropped=0 written=3754 commits=417
[2026-10-04 08:57:41.523] [info] stats: 6.4 trades/s [ BNBUSDT=1.4 BTCUSDT=2.2 ETHUSDT=2.6 SOLUSDT=0.2 ] total=3786 gaps=0 missing=0 reconnects=0 unparseable=0 queue=0 queue_max=213 dropped=0 written=3783 commits=427
[2026-10-04 08:57:46.523] [info] stats: 11.0 trades/s [ BNBUSDT=2.6 BTCUSDT=2.8 ETHUSDT=1.4 SOLUSDT=4.2 ] total=3841 gaps=0 missing=0 reconnects=0 unparseable=0 queue=0 queue_max=213 dropped=0 written=3841 commits=441
[2026-10-04 08:57:51.524] [info] stats: 27.0 trades/s [ BNBUSDT=24.0 BTCUSDT=1.4 ETHUSDT=1.6 SOLUSDT=0.0 ] total=3976 gaps=0 missing=0 reconnects=0 unparseable=0 queue=0 queue_max=213 dropped=0 written=3946 commits=448
[2026-10-04 08:57:56.525] [info] stats: 4.2 trades/s [ BNBUSDT=0.8 BTCUSDT=2.0 ETHUSDT=1.2 SOLUSDT=0.2 ] total=3997 gaps=0 missing=0 reconnects=0 unparseable=0 queue=0 queue_max=213 dropped=0 written=3996 commits=460
[2026-10-04 08:58:01.526] [info] stats: 5.4 trades/s [ BNBUSDT=1.2 BTCUSDT=2.0 ETHUSDT=1.4 SOLUSDT=0.8 ] total=4024 gaps=0 missing=0 reconnects=0 unparseable=0 queue=0 queue_max=213 dropped=0 written=4022 commits=471
[2026-10-04 08:58:06.528] [info] stats: 7.8 trades/s [ BNBUSDT=2.2 BTCUSDT=3.8 ETHUSDT=0.2 SOLUSDT=1.6 ] total=4063 gaps=0 missing=0 reconnects=0 unparseable=0 queue=0 queue_max=213 dropped=0 written=4061 commits=487
[2026-10-04 08:58:11.529] [info] stats: 6.2 trades/s [ BNBUSDT=0.8 BTCUSDT=4.4 ETHUSDT=0.8 SOLUSDT=0.2 ] total=4094 gaps=0 missing=0 reconnects=0 unparseable=0 queue=0 queue_max=213 dropped=0 written=4084 commits=499
[2026-10-04 08:58:16.529] [info] stats: 18.8 trades/s [ BNBUSDT=11.2 BTCUSDT=6.0 ETHUSDT=0.6 SOLUSDT=1.0 ] total=4188 gaps=0 missing=0 reconnects=0 unparseable=0 queue=0 queue_max=213 dropped=0 written=4184 commits=514
[2026-10-04 08:58:21.529] [info] stats: 3.4 trades/s [ BNBUSDT=0.2 BTCUSDT=2.6 ETHUSDT=0.4 SOLUSDT=0.2 ] total=4205 gaps=0 missing=0 reconnects=0 unparseable=0 queue=0 queue_max=213 dropped=0 written=4205 commits=523
[2026-10-04 08:58:26.531] [info] stats: 17.8 trades/s [ BNBUSDT=6.0 BTCUSDT=3.0 ETHUSDT=0.6 SOLUSDT=8.2 ] total=4294 gaps=0 missing=0 reconnects=0 unparseable=0 queue=0 queue_max=213 dropped=0 written=4293 commits=535
[2026-10-04 08:58:31.532] [info] stats: 3.6 trades/s [ BNBUSDT=0.0 BTCUSDT=2.0 ETHUSDT=1.4 SOLUSDT=0.2 ] total=4312 gaps=0 missing=0 reconnects=0 unparseable=0 queue=0 queue_max=213 dropped=0 written=4311 commits=545
[2026-10-04 08:58:36.532] [info] stats: 17.0 trades/s [ BNBUSDT=12.6 BTCUSDT=3.8 ETHUSDT=0.0 SOLUSDT=0.6 ] total=4397 gaps=0 missing=0 reconnects=0 unparseable=0 queue=0 queue_max=213 dropped=0 written=4396 commits=557
[2026-10-04 08:58:41.532] [info] stats: 13.8 trades/s [ BNBUSDT=8.6 BTCUSDT=3.6 ETHUSDT=1.2 SOLUSDT=0.4 ] total=4466 gaps=0 missing=0 reconnects=0 unparseable=0 queue=0 queue_max=213 dropped=0 written=4466 commits=570
[2026-10-04 08:58:46.532] [info] stats: 8.6 trades/s [ BNBUSDT=0.2 BTCUSDT=3.0 ETHUSDT=0.2 SOLUSDT=5.2 ] total=4509 gaps=0 missing=0 reconnects=0 unparseable=0 queue=0 queue_max=213 dropped=0 written=4509 commits=583
[2026-10-04 08:58:51.532] [info] stats: 7.8 trades/s [ BNBUSDT=0.6 BTCUSDT=4.0 ETHUSDT=0.6 SOLUSDT=2.6 ] total=4548 gaps=0 missing=0 reconnects=0 unparseable=0 queue=0 queue_max=213 dropped=0 written=4547 commits=597
[2026-10-04 08:58:56.532] [info] stats: 14.2 trades/s [ BNBUSDT=1.8 BTCUSDT=3.2 ETHUSDT=0.2 SOLUSDT=9.0 ] total=4619 gaps=0 missing=0 reconnects=0 unparseable=0 queue=0 queue_max=213 dropped=0 written=4619 commits=611
[2026-10-04 08:59:01.533] [info] stats: 4.6 trades/s [ BNBUSDT=0.4 BTCUSDT=2.8 ETHUSDT=0.6 SOLUSDT=0.8 ] total=4642 gaps=0 missing=0 reconnects=0 unparseable=0 queue=0 queue_max=213 dropped=0 written=4642 commits=623
[2026-10-04 08:59:06.533] [info] stats: 27.8 trades/s [ BNBUSDT=23.2 BTCUSDT=3.2 ETHUSDT=0.4 SOLUSDT=1.0 ] total=4781 gaps=0 missing=0 reconnects=0 unparseable=0 queue=0 queue_max=213 dropped=0 written=4772 commits=630
[2026-10-04 08:59:11.534] [info] stats: 12.2 trades/s [ BNBUSDT=3.6 BTCUSDT=3.6 ETHUSDT=4.0 SOLUSDT=1.0 ] total=4842 gaps=0 missing=0 reconnects=0 unparseable=0 queue=0 queue_max=213 dropped=0 written=4842 commits=642
[2026-10-04 08:59:16.534] [info] stats: 13.6 trades/s [ BNBUSDT=5.2 BTCUSDT=3.0 ETHUSDT=4.6 SOLUSDT=0.8 ] total=4910 gaps=0 missing=0 reconnects=0 unparseable=0 queue=0 queue_max=213 dropped=0 written=4888 commits=652
[2026-10-04 08:59:21.535] [info] stats: 5.6 trades/s [ BNBUSDT=0.2 BTCUSDT=2.8 ETHUSDT=1.6 SOLUSDT=1.0 ] total=4938 gaps=0 missing=0 reconnects=0 unparseable=0 queue=0 queue_max=213 dropped=0 written=4938 commits=665
[2026-10-04 08:59:26.535] [info] stats: 23.0 trades/s [ BNBUSDT=18.8 BTCUSDT=3.2 ETHUSDT=0.4 SOLUSDT=0.6 ] total=5053 gaps=0 missing=0 reconnects=0 unparseable=0 queue=15 queue_max=213 dropped=0 written=4992 commits=671
[2026-10-04 08:59:31.535] [info] stats: 13.8 trades/s [ BNBUSDT=7.6 BTCUSDT=3.2 ETHUSDT=2.2 SOLUSDT=0.8 ] total=5122 gaps=0 missing=0 reconnects=0 unparseable=0 queue=0 queue_max=213 dropped=0 written=5118 commits=683
[2026-10-04 08:59:36.535] [info] stats: 20.0 trades/s [ BNBUSDT=7.4 BTCUSDT=3.8 ETHUSDT=0.4 SOLUSDT=8.4 ] total=5222 gaps=0 missing=0 reconnects=0 unparseable=0 queue=0 queue_max=213 dropped=0 written=5218 commits=695
[2026-10-04 08:59:41.536] [info] stats: 6.0 trades/s [ BNBUSDT=1.6 BTCUSDT=2.8 ETHUSDT=1.0 SOLUSDT=0.6 ] total=5252 gaps=0 missing=0 reconnects=0 unparseable=0 queue=0 queue_max=213 dropped=0 written=5250 commits=705
[2026-10-04 08:59:46.536] [info] stats: 8.0 trades/s [ BNBUSDT=2.4 BTCUSDT=3.4 ETHUSDT=0.4 SOLUSDT=1.8 ] total=5292 gaps=0 missing=0 reconnects=0 unparseable=0 queue=0 queue_max=213 dropped=0 written=5291 commits=718
[2026-10-04 08:59:51.536] [info] stats: 9.0 trades/s [ BNBUSDT=3.8 BTCUSDT=3.4 ETHUSDT=1.0 SOLUSDT=0.8 ] total=5337 gaps=0 missing=0 reconnects=0 unparseable=0 queue=0 queue_max=213 dropped=0 written=5337 commits=727
[2026-10-04 08:59:56.537] [info] stats: 6.0 trades/s [ BNBUSDT=2.2 BTCUSDT=3.0 ETHUSDT=0.6 SOLUSDT=0.2 ] total=5367 gaps=0 missing=0 reconnects=0 unparseable=0 queue=0 queue_max=213 dropped=0 written=5366 commits=737
[2026-10-04 09:00:01.537] [info] stats: 38.6 trades/s [ BNBUSDT=34.2 BTCUSDT=1.8 ETHUSDT=0.0 SOLUSDT=2.6 ] total=5560 gaps=0 missing=0 reconnects=0 unparseable=0 queue=0 queue_max=213 dropped=0 written=5560 commits=749
[2026-10-04 09:00:06.537] [info] stats: 8.2 trades/s [ BNBUSDT=5.4 BTCUSDT=2.2 ETHUSDT=0.6 SOLUSDT=0.0 ] total=5601 gaps=0 missing=0 reconnects=0 unparseable=0 queue=0 queue_max=213 dropped=0 written=5601 commits=756
[2026-10-04 09:00:11.537] [info] stats: 20.4 trades/s [ BNBUSDT=15.2 BTCUSDT=2.6 ETHUSDT=0.2 SOLUSDT=2.4 ] total=5703 gaps=0 missing=0 reconnects=0 unparseable=0 queue=29 queue_max=213 dropped=0 written=5608 commits=758
[2026-10-04 09:00:16.538] [info] stats: 35.0 trades/s [ BNBUSDT=21.4 BTCUSDT=7.4 ETHUSDT=1.2 SOLUSDT=5.0 ] total=5878 gaps=0 missing=0 reconnects=0 unparseable=0 queue=0 queue_max=213 dropped=0 written=5877 commits=770
[2026-10-04 09:00:21.538] [info] stats: 6.8 trades/s [ BNBUSDT=2.2 BTCUSDT=3.2 ETHUSDT=0.8 SOLUSDT=0.6 ] total=5912 gaps=0 missing=0 reconnects=0 unparseable=0 queue=0 queue_max=213 dropped=0 written=5912 commits=783
[2026-10-04 09:00:26.538] [info] stats: 49.2 trades/s [ BNBUSDT=0.4 BTCUSDT=37.8 ETHUSDT=9.8 SOLUSDT=1.2 ] total=6158 gaps=0 missing=0 reconnects=0 unparseable=0 queue=0 queue_max=213 dropped=0 written=6158 commits=795
[2026-10-04 09:00:31.539] [info] stats: 4.6 trades/s [ BNBUSDT=0.8 BTCUSDT=2.6 ETHUSDT=1.0 SOLUSDT=0.2 ] total=6181 gaps=0 missing=0 reconnects=0 unparseable=0 queue=0 queue_max=213 dropped=0 written=6180 commits=807
[2026-10-04 09:00:36.539] [info] stats: 17.2 trades/s [ BNBUSDT=0.8 BTCUSDT=9.2 ETHUSDT=6.8 SOLUSDT=0.4 ] total=6267 gaps=0 missing=0 reconnects=0 unparseable=0 queue=0 queue_max=213 dropped=0 written=6257 commits=822
[2026-10-04 09:00:41.540] [info] stats: 8.6 trades/s [ BNBUSDT=1.2 BTCUSDT=4.8 ETHUSDT=1.0 SOLUSDT=1.6 ] total=6310 gaps=0 missing=0 reconnects=0 unparseable=0 queue=0 queue_max=213 dropped=0 written=6310 commits=837
[2026-10-04 09:00:46.540] [info] stats: 8.6 trades/s [ BNBUSDT=1.8 BTCUSDT=4.2 ETHUSDT=2.6 SOLUSDT=0.0 ] total=6353 gaps=0 missing=0 reconnects=0 unparseable=0 queue=0 queue_max=213 dropped=0 written=6352 commits=845
[2026-10-04 09:00:51.540] [info] stats: 13.0 trades/s [ BNBUSDT=6.8 BTCUSDT=4.0 ETHUSDT=0.6 SOLUSDT=1.6 ] total=6418 gaps=0 missing=0 reconnects=0 unparseable=0 queue=0 queue_max=213 dropped=0 written=6418 commits=855
[2026-10-04 09:00:56.541] [info] stats: 8.2 trades/s [ BNBUSDT=1.8 BTCUSDT=3.8 ETHUSDT=1.6 SOLUSDT=1.0 ] total=6459 gaps=0 missing=0 reconnects=0 unparseable=0 queue=0 queue_max=213 dropped=0 written=6453 commits=860
[2026-10-04 09:01:01.541] [info] stats: 22.8 trades/s [ BNBUSDT=12.4 BTCUSDT=6.4 ETHUSDT=0.4 SOLUSDT=3.6 ] total=6573 gaps=0 missing=0 reconnects=0 unparseable=0 queue=28 queue_max=213 dropped=0 written=6541 commits=864
[2026-10-04 09:01:06.542] [info] stats: 17.2 trades/s [ BNBUSDT=13.0 BTCUSDT=2.8 ETHUSDT=0.2 SOLUSDT=1.2 ] total=6659 gaps=0 missing=0 reconnects=0 unparseable=0 queue=0 queue_max=213 dropped=0 written=6603 commits=870
[2026-10-04 09:01:11.542] [info] stats: 10.8 trades/s [ BNBUSDT=0.6 BTCUSDT=7.2 ETHUSDT=1.4 SOLUSDT=1.6 ] total=6713 gaps=0 missing=0 reconnects=0 unparseable=0 queue=0 queue_max=213 dropped=0 written=6713 commits=876
[2026-10-04 09:01:16.542] [info] stats: 4.0 trades/s [ BNBUSDT=0.6 BTCUSDT=1.6 ETHUSDT=0.8 SOLUSDT=1.0 ] total=6733 gaps=0 missing=0 reconnects=0 unparseable=0 queue=0 queue_max=213 dropped=0 written=6733 commits=886
[2026-10-04 09:01:21.543] [info] stats: 7.0 trades/s [ BNBUSDT=0.4 BTCUSDT=3.6 ETHUSDT=1.0 SOLUSDT=2.0 ] total=6768 gaps=0 missing=0 reconnects=0 unparseable=0 queue=0 queue_max=213 dropped=0 written=6768 commits=899
[2026-10-04 09:01:26.543] [info] stats: 7.6 trades/s [ BNBUSDT=0.8 BTCUSDT=3.6 ETHUSDT=1.8 SOLUSDT=1.4 ] total=6806 gaps=0 missing=0 reconnects=0 unparseable=0 queue=0 queue_max=213 dropped=0 written=6805 commits=914
[2026-10-04 09:01:31.544] [info] stats: 5.6 trades/s [ BNBUSDT=1.2 BTCUSDT=3.0 ETHUSDT=0.8 SOLUSDT=0.6 ] total=6834 gaps=0 missing=0 reconnects=0 unparseable=0 queue=0 queue_max=213 dropped=0 written=6834 commits=924
[2026-10-04 09:01:36.544] [info] stats: 5.4 trades/s [ BNBUSDT=1.0 BTCUSDT=2.8 ETHUSDT=1.2 SOLUSDT=0.4 ] total=6861 gaps=0 missing=0 reconnects=0 unparseable=0 queue=0 queue_max=213 dropped=0 written=6861 commits=935
[2026-10-04 09:01:41.545] [info] stats: 6.2 trades/s [ BNBUSDT=0.6 BTCUSDT=3.4 ETHUSDT=1.4 SOLUSDT=0.8 ] total=6892 gaps=0 missing=0 reconnects=0 unparseable=0 queue=0 queue_max=213 dropped=0 written=6891 commits=947
[2026-10-04 09:01:46.545] [info] stats: 7.0 trades/s [ BNBUSDT=2.2 BTCUSDT=3.6 ETHUSDT=0.8 SOLUSDT=0.4 ] total=6927 gaps=0 missing=0 reconnects=0 unparseable=0 queue=0 queue_max=213 dropped=0 written=6925 commits=959
[2026-10-04 09:01:51.545] [info] stats: 8.0 trades/s [ BNBUSDT=1.2 BTCUSDT=3.4 ETHUSDT=2.2 SOLUSDT=1.2 ] total=6967 gaps=0 missing=0 reconnects=0 unparseable=0 queue=0 queue_max=213 dropped=0 written=6967 commits=974
[2026-10-04 09:01:56.546] [info] stats: 5.0 trades/s [ BNBUSDT=0.6 BTCUSDT=3.4 ETHUSDT=0.6 SOLUSDT=0.4 ] total=6992 gaps=0 missing=0 reconnects=0 unparseable=0 queue=0 queue_max=213 dropped=0 written=6992 commits=986
[2026-10-04 09:02:01.546] [info] stats: 5.8 trades/s [ BNBUSDT=0.6 BTCUSDT=3.2 ETHUSDT=1.2 SOLUSDT=0.8 ] total=7021 gaps=0 missing=0 reconnects=0 unparseable=0 queue=0 queue_max=213 dropped=0 written=7019 commits=997
[2026-10-04 09:02:06.547] [info] stats: 9.6 trades/s [ BNBUSDT=4.6 BTCUSDT=2.6 ETHUSDT=0.4 SOLUSDT=2.0 ] total=7069 gaps=0 missing=0 reconnects=0 unparseable=0 queue=0 queue_max=213 dropped=0 written=7068 commits=1009
[2026-10-04 09:02:11.547] [info] stats: 30.0 trades/s [ BNBUSDT=24.2 BTCUSDT=4.0 ETHUSDT=0.6 SOLUSDT=1.2 ] total=7219 gaps=0 missing=0 reconnects=0 unparseable=0 queue=0 queue_max=213 dropped=0 written=7219 commits=1017
[2026-10-04 09:02:16.547] [info] stats: 7.2 trades/s [ BNBUSDT=2.0 BTCUSDT=4.0 ETHUSDT=0.8 SOLUSDT=0.4 ] total=7255 gaps=0 missing=0 reconnects=0 unparseable=0 queue=0 queue_max=213 dropped=0 written=7255 commits=1030
[2026-10-04 09:02:21.548] [info] stats: 18.0 trades/s [ BNBUSDT=13.2 BTCUSDT=2.8 ETHUSDT=1.4 SOLUSDT=0.6 ] total=7345 gaps=0 missing=0 reconnects=0 unparseable=0 queue=0 queue_max=213 dropped=0 written=7345 commits=1041
[2026-10-04 09:02:26.548] [info] stats: 9.0 trades/s [ BNBUSDT=1.6 BTCUSDT=4.0 ETHUSDT=2.8 SOLUSDT=0.6 ] total=7390 gaps=0 missing=0 reconnects=0 unparseable=0 queue=0 queue_max=213 dropped=0 written=7384 commits=1056
[2026-10-04 09:02:31.549] [info] stats: 5.6 trades/s [ BNBUSDT=0.6 BTCUSDT=3.2 ETHUSDT=1.0 SOLUSDT=0.8 ] total=7418 gaps=0 missing=0 reconnects=0 unparseable=0 queue=0 queue_max=213 dropped=0 written=7416 commits=1069
[2026-10-04 09:02:36.549] [info] stats: 17.4 trades/s [ BNBUSDT=11.4 BTCUSDT=4.6 ETHUSDT=0.8 SOLUSDT=0.6 ] total=7505 gaps=0 missing=0 reconnects=0 unparseable=0 queue=0 queue_max=213 dropped=0 written=7503 commits=1079
[2026-10-04 09:02:41.549] [info] stats: 5.0 trades/s [ BNBUSDT=0.2 BTCUSDT=4.0 ETHUSDT=0.2 SOLUSDT=0.6 ] total=7530 gaps=0 missing=0 reconnects=0 unparseable=0 queue=0 queue_max=213 dropped=0 written=7530 commits=1092
[2026-10-04 09:02:46.550] [info] stats: 5.0 trades/s [ BNBUSDT=0.4 BTCUSDT=3.6 ETHUSDT=0.4 SOLUSDT=0.6 ] total=7555 gaps=0 missing=0 reconnects=0 unparseable=0 queue=0 queue_max=213 dropped=0 written=7555 commits=1104
[2026-10-04 09:02:51.550] [info] stats: 21.0 trades/s [ BNBUSDT=16.0 BTCUSDT=3.2 ETHUSDT=0.8 SOLUSDT=1.0 ] total=7660 gaps=0 missing=0 reconnects=0 unparseable=0 queue=0 queue_max=213 dropped=0 written=7659 commits=1114
[2026-10-04 09:02:56.552] [info] stats: 12.4 trades/s [ BNBUSDT=8.2 BTCUSDT=3.2 ETHUSDT=0.6 SOLUSDT=0.4 ] total=7722 gaps=0 missing=0 reconnects=0 unparseable=0 queue=0 queue_max=213 dropped=0 written=7722 commits=1127
[2026-10-04 09:03:01.553] [info] stats: 5.2 trades/s [ BNBUSDT=0.0 BTCUSDT=4.2 ETHUSDT=0.6 SOLUSDT=0.4 ] total=7748 gaps=0 missing=0 reconnects=0 unparseable=0 queue=0 queue_max=213 dropped=0 written=7748 commits=1137
[2026-10-04 09:03:06.553] [info] stats: 39.8 trades/s [ BNBUSDT=17.2 BTCUSDT=4.4 ETHUSDT=0.4 SOLUSDT=17.8 ] total=7947 gaps=0 missing=0 reconnects=0 unparseable=0 queue=0 queue_max=213 dropped=0 written=7947 commits=1148
[2026-10-04 09:03:11.554] [info] stats: 5.6 trades/s [ BNBUSDT=0.8 BTCUSDT=4.6 ETHUSDT=0.2 SOLUSDT=0.0 ] total=7975 gaps=0 missing=0 reconnects=0 unparseable=0 queue=0 queue_max=213 dropped=0 written=7972 commits=1160
[2026-10-04 09:03:16.554] [info] stats: 9.8 trades/s [ BNBUSDT=2.8 BTCUSDT=5.0 ETHUSDT=0.8 SOLUSDT=1.2 ] total=8024 gaps=0 missing=0 reconnects=0 unparseable=0 queue=0 queue_max=213 dropped=0 written=8021 commits=1174
[2026-10-04 09:03:21.556] [info] stats: 9.0 trades/s [ BNBUSDT=4.8 BTCUSDT=3.4 ETHUSDT=0.6 SOLUSDT=0.2 ] total=8069 gaps=0 missing=0 reconnects=0 unparseable=0 queue=0 queue_max=213 dropped=0 written=8069 commits=1188
[2026-10-04 09:03:26.556] [info] stats: 11.6 trades/s [ BNBUSDT=5.0 BTCUSDT=6.0 ETHUSDT=0.6 SOLUSDT=0.0 ] total=8127 gaps=0 missing=0 reconnects=0 unparseable=0 queue=0 queue_max=213 dropped=0 written=8126 commits=1200
[2026-10-04 09:03:31.557] [info] stats: 23.2 trades/s [ BNBUSDT=16.8 BTCUSDT=5.4 ETHUSDT=0.2 SOLUSDT=0.8 ] total=8243 gaps=0 missing=0 reconnects=0 unparseable=0 queue=0 queue_max=213 dropped=0 written=8243 commits=1216
[2026-10-04 09:03:36.557] [info] stats: 4.8 trades/s [ BNBUSDT=1.4 BTCUSDT=2.4 ETHUSDT=0.6 SOLUSDT=0.4 ] total=8267 gaps=0 missing=0 reconnects=0 unparseable=0 queue=0 queue_max=213 dropped=0 written=8267 commits=1225
[2026-10-04 09:03:41.558] [info] stats: 6.4 trades/s [ BNBUSDT=3.2 BTCUSDT=1.8 ETHUSDT=0.4 SOLUSDT=1.0 ] total=8299 gaps=0 missing=0 reconnects=0 unparseable=0 queue=0 queue_max=213 dropped=0 written=8299 commits=1233
[2026-10-04 09:03:46.559] [info] stats: 9.0 trades/s [ BNBUSDT=6.0 BTCUSDT=2.0 ETHUSDT=0.6 SOLUSDT=0.4 ] total=8344 gaps=0 missing=0 reconnects=0 unparseable=0 queue=0 queue_max=213 dropped=0 written=8342 commits=1239
[2026-10-04 09:03:51.559] [info] stats: 3.2 trades/s [ BNBUSDT=0.0 BTCUSDT=2.0 ETHUSDT=0.6 SOLUSDT=0.6 ] total=8360 gaps=0 missing=0 reconnects=0 unparseable=0 queue=0 queue_max=213 dropped=0 written=8360 commits=1250
[2026-10-04 09:03:56.559] [info] stats: 11.8 trades/s [ BNBUSDT=0.6 BTCUSDT=2.8 ETHUSDT=8.0 SOLUSDT=0.4 ] total=8419 gaps=0 missing=0 reconnects=0 unparseable=0 queue=0 queue_max=213 dropped=0 written=8419 commits=1260
[2026-10-04 09:04:01.560] [info] stats: 12.2 trades/s [ BNBUSDT=1.2 BTCUSDT=1.0 ETHUSDT=8.8 SOLUSDT=1.2 ] total=8480 gaps=0 missing=0 reconnects=0 unparseable=0 queue=0 queue_max=213 dropped=0 written=8447 commits=1270
[2026-10-04 09:04:06.560] [info] stats: 24.8 trades/s [ BNBUSDT=13.0 BTCUSDT=2.4 ETHUSDT=5.8 SOLUSDT=3.6 ] total=8604 gaps=0 missing=0 reconnects=0 unparseable=0 queue=0 queue_max=213 dropped=0 written=8604 commits=1284
[2026-10-04 09:04:11.563] [info] stats: 3.0 trades/s [ BNBUSDT=0.6 BTCUSDT=1.4 ETHUSDT=0.4 SOLUSDT=0.6 ] total=8619 gaps=0 missing=0 reconnects=0 unparseable=0 queue=2 queue_max=213 dropped=0 written=8616 commits=1290
[2026-10-04 09:04:16.563] [info] stats: 22.6 trades/s [ BNBUSDT=16.2 BTCUSDT=4.0 ETHUSDT=0.8 SOLUSDT=1.6 ] total=8732 gaps=0 missing=0 reconnects=0 unparseable=0 queue=0 queue_max=213 dropped=0 written=8721 commits=1302
[2026-10-04 09:04:21.563] [info] stats: 12.4 trades/s [ BNBUSDT=0.8 BTCUSDT=3.4 ETHUSDT=7.6 SOLUSDT=0.6 ] total=8794 gaps=0 missing=0 reconnects=0 unparseable=0 queue=0 queue_max=213 dropped=0 written=8793 commits=1313
[2026-10-04 09:04:26.563] [info] stats: 4.8 trades/s [ BNBUSDT=1.6 BTCUSDT=1.8 ETHUSDT=1.0 SOLUSDT=0.4 ] total=8818 gaps=0 missing=0 reconnects=0 unparseable=0 queue=0 queue_max=213 dropped=0 written=8818 commits=1321
[2026-10-04 09:04:31.564] [info] stats: 0.2 trades/s [ BNBUSDT=0.0 BTCUSDT=0.2 ETHUSDT=0.0 SOLUSDT=0.0 ] total=8819 gaps=0 missing=0 reconnects=0 unparseable=0 queue=0 queue_max=213 dropped=0 written=8819 commits=1322
[2026-10-04 09:04:36.564] [info] stats: 0.0 trades/s [ BNBUSDT=0.0 BTCUSDT=0.0 ETHUSDT=0.0 SOLUSDT=0.0 ] total=8819 gaps=0 missing=0 reconnects=0 unparseable=0 queue=0 queue_max=213 dropped=0 written=8819 commits=1322
[2026-10-04 09:04:41.564] [info] stats: 0.0 trades/s [ BNBUSDT=0.0 BTCUSDT=0.0 ETHUSDT=0.0 SOLUSDT=0.0 ] total=8819 gaps=0 missing=0 reconnects=0 unparseable=0 queue=0 queue_max=213 dropped=0 written=8819 commits=1322
[2026-10-04 09:04:46.565] [info] stats: 0.0 trades/s [ BNBUSDT=0.0 BTCUSDT=0.0 ETHUSDT=0.0 SOLUSDT=0.0 ] total=8819 gaps=0 missing=0 reconnects=0 unparseable=0 queue=0 queue_max=213 dropped=0 written=8819 commits=1322
[2026-10-04 09:04:46.718] [warning] read failed: The socket was closed due to a timeout
[2026-10-04 09:04:46.718] [info] reconnecting in 1s
[2026-10-04 09:04:47.719] [info] connecting to stream.binance.com:9443/stream?streams=btcusdt@trade/ethusdt@trade/solusdt@trade/bnbusdt@trade
[2026-10-04 09:04:51.565] [info] stats: 0.0 trades/s [ BNBUSDT=0.0 BTCUSDT=0.0 ETHUSDT=0.0 SOLUSDT=0.0 ] total=8819 gaps=0 missing=0 reconnects=1 unparseable=0 queue=0 queue_max=213 dropped=0 written=8819 commits=1322
[2026-10-04 09:04:56.565] [info] stats: 0.0 trades/s [ BNBUSDT=0.0 BTCUSDT=0.0 ETHUSDT=0.0 SOLUSDT=0.0 ] total=8819 gaps=0 missing=0 reconnects=1 unparseable=0 queue=0 queue_max=213 dropped=0 written=8819 commits=1322
[2026-10-04 09:04:57.741] [warning] tcp connect failed: The socket was closed due to a timeout
[2026-10-04 09:04:57.741] [info] reconnecting in 2s
[2026-10-04 09:04:59.741] [info] connecting to stream.binance.com:9443/stream?streams=btcusdt@trade/ethusdt@trade/solusdt@trade/bnbusdt@trade
[2026-10-04 09:05:01.566] [info] stats: 0.0 trades/s [ BNBUSDT=0.0 BTCUSDT=0.0 ETHUSDT=0.0 SOLUSDT=0.0 ] total=8819 gaps=0 missing=0 reconnects=2 unparseable=0 queue=0 queue_max=213 dropped=0 written=8819 commits=1322
[2026-10-04 09:05:06.567] [info] stats: 0.0 trades/s [ BNBUSDT=0.0 BTCUSDT=0.0 ETHUSDT=0.0 SOLUSDT=0.0 ] total=8819 gaps=0 missing=0 reconnects=2 unparseable=0 queue=0 queue_max=213 dropped=0 written=8819 commits=1322
[2026-10-04 09:05:09.746] [warning] tcp connect failed: The socket was closed due to a timeout
[2026-10-04 09:05:09.746] [info] reconnecting in 4s
[2026-10-04 09:05:11.567] [info] stats: 0.0 trades/s [ BNBUSDT=0.0 BTCUSDT=0.0 ETHUSDT=0.0 SOLUSDT=0.0 ] total=8819 gaps=0 missing=0 reconnects=3 unparseable=0 queue=0 queue_max=213 dropped=0 written=8819 commits=1322
[2026-10-04 09:05:13.746] [info] connecting to stream.binance.com:9443/stream?streams=btcusdt@trade/ethusdt@trade/solusdt@trade/bnbusdt@trade
[2026-10-04 09:05:16.567] [info] stats: 0.0 trades/s [ BNBUSDT=0.0 BTCUSDT=0.0 ETHUSDT=0.0 SOLUSDT=0.0 ] total=8819 gaps=0 missing=0 reconnects=3 unparseable=0 queue=0 queue_max=213 dropped=0 written=8819 commits=1322
[2026-10-04 09:05:21.568] [info] stats: 0.0 trades/s [ BNBUSDT=0.0 BTCUSDT=0.0 ETHUSDT=0.0 SOLUSDT=0.0 ] total=8819 gaps=0 missing=0 reconnects=3 unparseable=0 queue=0 queue_max=213 dropped=0 written=8819 commits=1322
[2026-10-04 09:05:23.751] [warning] tcp connect failed: The socket was closed due to a timeout
[2026-10-04 09:05:23.752] [info] reconnecting in 8s
[2026-10-04 09:05:26.568] [info] stats: 0.0 trades/s [ BNBUSDT=0.0 BTCUSDT=0.0 ETHUSDT=0.0 SOLUSDT=0.0 ] total=8819 gaps=0 missing=0 reconnects=4 unparseable=0 queue=0 queue_max=213 dropped=0 written=8819 commits=1322
[2026-10-04 09:05:31.568] [info] stats: 0.0 trades/s [ BNBUSDT=0.0 BTCUSDT=0.0 ETHUSDT=0.0 SOLUSDT=0.0 ] total=8819 gaps=0 missing=0 reconnects=4 unparseable=0 queue=0 queue_max=213 dropped=0 written=8819 commits=1322
[2026-10-04 09:05:31.753] [info] connecting to stream.binance.com:9443/stream?streams=btcusdt@trade/ethusdt@trade/solusdt@trade/bnbusdt@trade
[2026-10-04 09:05:33.176] [info] connected
[2026-10-04 09:05:33.400] [warning] gap in SOLUSDT: ids 2072305414..2072305562 missing (149 trades)
[2026-10-04 09:05:33.408] [warning] gap in BTCUSDT: ids 6734128167..6734128426 missing (260 trades)
[2026-10-04 09:05:34.063] [warning] gap in BNBUSDT: ids 1597493476..1597493881 missing (406 trades)
[2026-10-04 09:05:34.104] [warning] gap in ETHUSDT: ids 4406437988..4406438125 missing (138 trades)
[2026-10-04 09:05:36.569] [info] stats: 14.0 trades/s [ BNBUSDT=1.2 BTCUSDT=1.4 ETHUSDT=2.0 SOLUSDT=9.4 ] total=8889 gaps=4 missing=953 reconnects=4 unparseable=0 queue=0 queue_max=213 dropped=0 written=8879 commits=1328
[2026-10-04 09:05:41.569] [info] stats: 29.8 trades/s [ BNBUSDT=2.6 BTCUSDT=2.2 ETHUSDT=15.4 SOLUSDT=9.6 ] total=9038 gaps=4 missing=953 reconnects=4 unparseable=0 queue=19 queue_max=213 dropped=0 written=8950 commits=1335
[2026-10-04 09:05:46.569] [info] stats: 6.6 trades/s [ BNBUSDT=1.6 BTCUSDT=1.4 ETHUSDT=1.0 SOLUSDT=2.6 ] total=9071 gaps=4 missing=953 reconnects=4 unparseable=0 queue=5 queue_max=213 dropped=0 written=9065 commits=1341
[2026-10-04 09:05:51.570] [info] stats: 6.0 trades/s [ BNBUSDT=1.2 BTCUSDT=2.4 ETHUSDT=0.8 SOLUSDT=1.6 ] total=9101 gaps=4 missing=953 reconnects=4 unparseable=0 queue=0 queue_max=213 dropped=0 written=9100 commits=1350
[2026-10-04 09:05:56.570] [info] stats: 14.4 trades/s [ BNBUSDT=2.0 BTCUSDT=2.0 ETHUSDT=0.2 SOLUSDT=10.2 ] total=9173 gaps=4 missing=953 reconnects=4 unparseable=0 queue=65 queue_max=213 dropped=0 written=9105 commits=1353
[2026-10-04 09:06:01.571] [info] stats: 11.6 trades/s [ BNBUSDT=7.8 BTCUSDT=3.6 ETHUSDT=0.2 SOLUSDT=0.0 ] total=9231 gaps=4 missing=953 reconnects=4 unparseable=0 queue=0 queue_max=213 dropped=0 written=9227 commits=1357
[2026-10-04 09:06:06.571] [info] stats: 11.6 trades/s [ BNBUSDT=5.8 BTCUSDT=2.6 ETHUSDT=0.4 SOLUSDT=2.8 ] total=9289 gaps=4 missing=953 reconnects=4 unparseable=0 queue=0 queue_max=213 dropped=0 written=9281 commits=1366
[2026-10-04 09:06:11.571] [info] stats: 15.2 trades/s [ BNBUSDT=10.6 BTCUSDT=3.8 ETHUSDT=0.8 SOLUSDT=0.0 ] total=9365 gaps=4 missing=953 reconnects=4 unparseable=0 queue=0 queue_max=213 dropped=0 written=9363 commits=1378
[2026-10-04 09:06:16.572] [info] stats: 4.6 trades/s [ BNBUSDT=0.4 BTCUSDT=2.8 ETHUSDT=1.2 SOLUSDT=0.2 ] total=9388 gaps=4 missing=953 reconnects=4 unparseable=0 queue=0 queue_max=213 dropped=0 written=9379 commits=1386
[2026-10-04 09:06:21.572] [info] stats: 7.0 trades/s [ BNBUSDT=1.6 BTCUSDT=4.0 ETHUSDT=1.2 SOLUSDT=0.2 ] total=9423 gaps=4 missing=953 reconnects=4 unparseable=0 queue=0 queue_max=213 dropped=0 written=9423 commits=1396
[2026-10-04 09:06:26.573] [info] stats: 5.6 trades/s [ BNBUSDT=1.0 BTCUSDT=2.2 ETHUSDT=2.0 SOLUSDT=0.4 ] total=9451 gaps=4 missing=953 reconnects=4 unparseable=0 queue=0 queue_max=213 dropped=0 written=9450 commits=1406
[2026-10-04 09:06:31.573] [info] stats: 7.4 trades/s [ BNBUSDT=3.6 BTCUSDT=2.4 ETHUSDT=0.8 SOLUSDT=0.6 ] total=9488 gaps=4 missing=953 reconnects=4 unparseable=0 queue=0 queue_max=213 dropped=0 written=9487 commits=1418
[2026-10-04 09:06:36.574] [info] stats: 5.6 trades/s [ BNBUSDT=2.0 BTCUSDT=2.6 ETHUSDT=0.8 SOLUSDT=0.2 ] total=9516 gaps=4 missing=953 reconnects=4 unparseable=0 queue=2 queue_max=213 dropped=0 written=9499 commits=1423
[2026-10-04 09:06:41.574] [info] stats: 6.4 trades/s [ BNBUSDT=0.8 BTCUSDT=3.2 ETHUSDT=1.0 SOLUSDT=1.4 ] total=9548 gaps=4 missing=953 reconnects=4 unparseable=0 queue=0 queue_max=213 dropped=0 written=9543 commits=1427
[2026-10-04 09:06:46.574] [info] stats: 3.4 trades/s [ BNBUSDT=0.8 BTCUSDT=2.0 ETHUSDT=0.4 SOLUSDT=0.2 ] total=9565 gaps=4 missing=953 reconnects=4 unparseable=0 queue=0 queue_max=213 dropped=0 written=9565 commits=1437
[2026-10-04 09:06:51.575] [info] stats: 4.6 trades/s [ BNBUSDT=0.6 BTCUSDT=3.4 ETHUSDT=0.2 SOLUSDT=0.4 ] total=9588 gaps=4 missing=953 reconnects=4 unparseable=0 queue=7 queue_max=213 dropped=0 written=9576 commits=1440
[2026-10-04 09:06:56.576] [info] stats: 9.4 trades/s [ BNBUSDT=3.6 BTCUSDT=3.6 ETHUSDT=0.8 SOLUSDT=1.4 ] total=9635 gaps=4 missing=953 reconnects=4 unparseable=0 queue=0 queue_max=213 dropped=0 written=9630 commits=1451
[2026-10-04 09:07:01.577] [info] stats: 14.2 trades/s [ BNBUSDT=7.2 BTCUSDT=5.2 ETHUSDT=0.4 SOLUSDT=1.4 ] total=9706 gaps=4 missing=953 reconnects=4 unparseable=0 queue=0 queue_max=213 dropped=0 written=9704 commits=1460
[2026-10-04 09:07:06.577] [info] stats: 16.4 trades/s [ BNBUSDT=2.4 BTCUSDT=3.6 ETHUSDT=0.4 SOLUSDT=10.0 ] total=9788 gaps=4 missing=953 reconnects=4 unparseable=0 queue=0 queue_max=213 dropped=0 written=9787 commits=1472
[2026-10-04 09:07:11.578] [info] stats: 11.8 trades/s [ BNBUSDT=2.2 BTCUSDT=6.4 ETHUSDT=0.8 SOLUSDT=2.4 ] total=9847 gaps=4 missing=953 reconnects=4 unparseable=0 queue=0 queue_max=213 dropped=0 written=9845 commits=1487
[2026-10-04 09:07:16.578] [info] stats: 18.2 trades/s [ BNBUSDT=7.4 BTCUSDT=6.4 ETHUSDT=2.4 SOLUSDT=2.0 ] total=9938 gaps=4 missing=953 reconnects=4 unparseable=0 queue=0 queue_max=213 dropped=0 written=9928 commits=1495
[2026-10-04 09:07:21.578] [info] stats: 10.2 trades/s [ BNBUSDT=1.6 BTCUSDT=5.2 ETHUSDT=1.6 SOLUSDT=1.8 ] total=9989 gaps=4 missing=953 reconnects=4 unparseable=0 queue=0 queue_max=213 dropped=0 written=9959 commits=1497
[2026-10-04 09:07:26.579] [info] stats: 18.4 trades/s [ BNBUSDT=10.4 BTCUSDT=4.8 ETHUSDT=2.0 SOLUSDT=1.2 ] total=10081 gaps=4 missing=953 reconnects=4 unparseable=0 queue=3 queue_max=213 dropped=0 written=10075 commits=1507
[2026-10-04 09:07:31.579] [info] stats: 4.8 trades/s [ BNBUSDT=1.4 BTCUSDT=2.6 ETHUSDT=0.4 SOLUSDT=0.4 ] total=10105 gaps=4 missing=953 reconnects=4 unparseable=0 queue=2 queue_max=213 dropped=0 written=10098 commits=1511
[2026-10-04 09:07:36.580] [info] stats: 11.8 trades/s [ BNBUSDT=7.4 BTCUSDT=3.0 ETHUSDT=0.2 SOLUSDT=1.2 ] total=10164 gaps=4 missing=953 reconnects=4 unparseable=0 queue=11 queue_max=213 dropped=0 written=10145 commits=1515
[2026-10-04 09:07:41.580] [info] stats: 8.6 trades/s [ BNBUSDT=1.6 BTCUSDT=3.8 ETHUSDT=0.2 SOLUSDT=3.0 ] total=10207 gaps=4 missing=953 reconnects=4 unparseable=0 queue=13 queue_max=213 dropped=0 written=10187 commits=1519
[2026-10-04 09:07:46.581] [info] stats: 13.0 trades/s [ BNBUSDT=3.2 BTCUSDT=4.6 ETHUSDT=2.4 SOLUSDT=2.8 ] total=10272 gaps=4 missing=953 reconnects=4 unparseable=0 queue=0 queue_max=213 dropped=0 written=10272 commits=1532
[2026-10-04 09:07:51.581] [info] stats: 6.0 trades/s [ BNBUSDT=2.8 BTCUSDT=2.8 ETHUSDT=0.2 SOLUSDT=0.2 ] total=10302 gaps=4 missing=953 reconnects=4 unparseable=0 queue=0 queue_max=213 dropped=0 written=10299 commits=1543
[2026-10-04 09:07:56.581] [info] stats: 11.2 trades/s [ BNBUSDT=5.6 BTCUSDT=4.0 ETHUSDT=0.4 SOLUSDT=1.2 ] total=10358 gaps=4 missing=953 reconnects=4 unparseable=0 queue=0 queue_max=213 dropped=0 written=10358 commits=1557
[2026-10-04 09:08:01.581] [info] stats: 11.0 trades/s [ BNBUSDT=2.2 BTCUSDT=4.4 ETHUSDT=1.2 SOLUSDT=3.2 ] total=10413 gaps=4 missing=953 reconnects=4 unparseable=0 queue=0 queue_max=213 dropped=0 written=10413 commits=1573
[2026-10-04 09:08:06.581] [info] stats: 20.4 trades/s [ BNBUSDT=8.2 BTCUSDT=3.0 ETHUSDT=1.2 SOLUSDT=8.0 ] total=10515 gaps=4 missing=953 reconnects=4 unparseable=0 queue=0 queue_max=213 dropped=0 written=10513 commits=1586
[2026-10-04 09:08:11.582] [info] stats: 6.4 trades/s [ BNBUSDT=1.2 BTCUSDT=3.0 ETHUSDT=1.0 SOLUSDT=1.2 ] total=10547 gaps=4 missing=953 reconnects=4 unparseable=0 queue=0 queue_max=213 dropped=0 written=10547 commits=1600
[2026-10-04 09:08:16.582] [info] stats: 20.8 trades/s [ BNBUSDT=0.6 BTCUSDT=7.0 ETHUSDT=1.0 SOLUSDT=12.2 ] total=10651 gaps=4 missing=953 reconnects=4 unparseable=0 queue=0 queue_max=213 dropped=0 written=10622 commits=1610
[2026-10-04 09:08:21.582] [info] stats: 8.6 trades/s [ BNBUSDT=1.4 BTCUSDT=5.8 ETHUSDT=0.6 SOLUSDT=0.8 ] total=10694 gaps=4 missing=953 reconnects=4 unparseable=0 queue=0 queue_max=213 dropped=0 written=10693 commits=1614
[2026-10-04 09:08:26.583] [info] stats: 4.8 trades/s [ BNBUSDT=0.6 BTCUSDT=3.0 ETHUSDT=0.6 SOLUSDT=0.6 ] total=10718 gaps=4 missing=953 reconnects=4 unparseable=0 queue=0 queue_max=213 dropped=0 written=10718 commits=1625
[2026-10-04 09:08:31.583] [info] stats: 9.2 trades/s [ BNBUSDT=0.6 BTCUSDT=5.4 ETHUSDT=2.2 SOLUSDT=1.0 ] total=10764 gaps=4 missing=953 reconnects=4 unparseable=0 queue=0 queue_max=213 dropped=0 written=10764 commits=1638
[2026-10-04 09:08:36.584] [info] stats: 5.2 trades/s [ BNBUSDT=0.2 BTCUSDT=3.4 ETHUSDT=1.4 SOLUSDT=0.2 ] total=10790 gaps=4 missing=953 reconnects=4 unparseable=0 queue=0 queue_max=213 dropped=0 written=10789 commits=1649
[2026-10-04 09:08:41.584] [info] stats: 5.4 trades/s [ BNBUSDT=1.0 BTCUSDT=3.4 ETHUSDT=1.0 SOLUSDT=0.0 ] total=10817 gaps=4 missing=953 reconnects=4 unparseable=0 queue=0 queue_max=213 dropped=0 written=10814 commits=1661
[2026-10-04 09:08:46.585] [info] stats: 23.6 trades/s [ BNBUSDT=16.8 BTCUSDT=4.4 ETHUSDT=2.2 SOLUSDT=0.2 ] total=10935 gaps=4 missing=953 reconnects=4 unparseable=0 queue=0 queue_max=213 dropped=0 written=10934 commits=1674
[2026-10-04 09:08:51.585] [info] stats: 8.4 trades/s [ BNBUSDT=0.2 BTCUSDT=4.2 ETHUSDT=3.4 SOLUSDT=0.6 ] total=10977 gaps=4 missing=953 reconnects=4 unparseable=0 queue=7 queue_max=213 dropped=0 written=10967 commits=1684
[2026-10-04 09:08:56.585] [info] stats: 4.6 trades/s [ BNBUSDT=0.8 BTCUSDT=2.0 ETHUSDT=1.2 SOLUSDT=0.6 ] total=11000 gaps=4 missing=953 reconnects=4 unparseable=0 queue=0 queue_max=213 dropped=0 written=10996 commits=1695
[2026-10-04 09:09:01.586] [info] stats: 4.8 trades/s [ BNBUSDT=0.0 BTCUSDT=3.8 ETHUSDT=0.6 SOLUSDT=0.4 ] total=11024 gaps=4 missing=953 reconnects=4 unparseable=0 queue=0 queue_max=213 dropped=0 written=11021 commits=1704
[2026-10-04 09:09:06.586] [info] stats: 11.8 trades/s [ BNBUSDT=0.4 BTCUSDT=3.4 ETHUSDT=0.2 SOLUSDT=7.8 ] total=11083 gaps=4 missing=953 reconnects=4 unparseable=0 queue=0 queue_max=213 dropped=0 written=11083 commits=1716
[2026-10-04 09:09:11.587] [info] stats: 5.4 trades/s [ BNBUSDT=0.0 BTCUSDT=4.6 ETHUSDT=0.8 SOLUSDT=0.0 ] total=11110 gaps=4 missing=953 reconnects=4 unparseable=0 queue=0 queue_max=213 dropped=0 written=11105 commits=1727
[2026-10-04 09:09:16.587] [info] stats: 6.2 trades/s [ BNBUSDT=3.2 BTCUSDT=1.6 ETHUSDT=0.6 SOLUSDT=0.8 ] total=11141 gaps=4 missing=953 reconnects=4 unparseable=0 queue=0 queue_max=213 dropped=0 written=11141 commits=1739
[2026-10-04 09:09:21.588] [info] stats: 6.0 trades/s [ BNBUSDT=1.2 BTCUSDT=4.4 ETHUSDT=0.0 SOLUSDT=0.4 ] total=11171 gaps=4 missing=953 reconnects=4 unparseable=0 queue=0 queue_max=213 dropped=0 written=11166 commits=1749
[2026-10-04 09:09:26.588] [info] stats: 14.6 trades/s [ BNBUSDT=4.4 BTCUSDT=4.0 ETHUSDT=0.6 SOLUSDT=5.6 ] total=11244 gaps=4 missing=953 reconnects=4 unparseable=0 queue=0 queue_max=213 dropped=0 written=11242 commits=1762
[2026-10-04 09:09:31.588] [info] stats: 5.6 trades/s [ BNBUSDT=0.2 BTCUSDT=4.2 ETHUSDT=1.2 SOLUSDT=0.0 ] total=11272 gaps=4 missing=953 reconnects=4 unparseable=0 queue=0 queue_max=213 dropped=0 written=11270 commits=1776
[2026-10-04 09:09:36.589] [info] stats: 13.2 trades/s [ BNBUSDT=0.8 BTCUSDT=4.2 ETHUSDT=1.0 SOLUSDT=7.2 ] total=11338 gaps=4 missing=953 reconnects=4 unparseable=0 queue=0 queue_max=213 dropped=0 written=11334 commits=1789
[2026-10-04 09:09:41.589] [info] stats: 8.2 trades/s [ BNBUSDT=1.4 BTCUSDT=3.2 ETHUSDT=0.4 SOLUSDT=3.2 ] total=11379 gaps=4 missing=953 reconnects=4 unparseable=0 queue=0 queue_max=213 dropped=0 written=11379 commits=1803
[2026-10-04 09:09:46.591] [info] stats: 7.4 trades/s [ BNBUSDT=1.2 BTCUSDT=5.2 ETHUSDT=0.4 SOLUSDT=0.6 ] total=11416 gaps=4 missing=953 reconnects=4 unparseable=0 queue=0 queue_max=213 dropped=0 written=11416 commits=1816
[2026-10-04 09:09:51.591] [info] stats: 7.4 trades/s [ BNBUSDT=1.6 BTCUSDT=4.6 ETHUSDT=0.8 SOLUSDT=0.4 ] total=11453 gaps=4 missing=953 reconnects=4 unparseable=0 queue=0 queue_max=213 dropped=0 written=11452 commits=1827
[2026-10-04 09:09:56.591] [info] stats: 7.6 trades/s [ BNBUSDT=4.8 BTCUSDT=2.6 ETHUSDT=0.0 SOLUSDT=0.2 ] total=11491 gaps=4 missing=953 reconnects=4 unparseable=0 queue=0 queue_max=213 dropped=0 written=11470 commits=1837
[2026-10-04 09:10:01.592] [info] stats: 9.4 trades/s [ BNBUSDT=0.6 BTCUSDT=3.4 ETHUSDT=1.0 SOLUSDT=4.4 ] total=11538 gaps=4 missing=953 reconnects=4 unparseable=0 queue=0 queue_max=213 dropped=0 written=11534 commits=1848
[2026-10-04 09:10:06.592] [info] stats: 9.4 trades/s [ BNBUSDT=1.2 BTCUSDT=3.0 ETHUSDT=1.0 SOLUSDT=4.2 ] total=11585 gaps=4 missing=953 reconnects=4 unparseable=0 queue=0 queue_max=213 dropped=0 written=11585 commits=1860
[2026-10-04 09:10:11.593] [info] stats: 5.8 trades/s [ BNBUSDT=1.6 BTCUSDT=3.0 ETHUSDT=0.4 SOLUSDT=0.8 ] total=11614 gaps=4 missing=953 reconnects=4 unparseable=0 queue=0 queue_max=213 dropped=0 written=11612 commits=1871
[2026-10-04 09:10:16.593] [info] stats: 6.6 trades/s [ BNBUSDT=1.0 BTCUSDT=3.8 ETHUSDT=1.4 SOLUSDT=0.4 ] total=11647 gaps=4 missing=953 reconnects=4 unparseable=0 queue=0 queue_max=213 dropped=0 written=11646 commits=1885
[2026-10-04 09:10:21.594] [info] stats: 6.6 trades/s [ BNBUSDT=0.6 BTCUSDT=5.4 ETHUSDT=0.4 SOLUSDT=0.2 ] total=11680 gaps=4 missing=953 reconnects=4 unparseable=0 queue=0 queue_max=213 dropped=0 written=11680 commits=1896
[2026-10-04 09:10:26.594] [info] stats: 18.0 trades/s [ BNBUSDT=10.6 BTCUSDT=5.8 ETHUSDT=1.0 SOLUSDT=0.6 ] total=11770 gaps=4 missing=953 reconnects=4 unparseable=0 queue=0 queue_max=213 dropped=0 written=11767 commits=1910
[2026-10-04 09:10:31.594] [info] stats: 4.4 trades/s [ BNBUSDT=1.0 BTCUSDT=3.4 ETHUSDT=0.0 SOLUSDT=0.0 ] total=11792 gaps=4 missing=953 reconnects=4 unparseable=0 queue=0 queue_max=213 dropped=0 written=11790 commits=1924
[2026-10-04 09:10:36.595] [info] stats: 8.8 trades/s [ BNBUSDT=1.4 BTCUSDT=6.0 ETHUSDT=0.6 SOLUSDT=0.8 ] total=11836 gaps=4 missing=953 reconnects=4 unparseable=0 queue=0 queue_max=213 dropped=0 written=11836 commits=1937
[2026-10-04 09:10:41.595] [info] stats: 9.4 trades/s [ BNBUSDT=1.0 BTCUSDT=4.6 ETHUSDT=1.4 SOLUSDT=2.4 ] total=11883 gaps=4 missing=953 reconnects=4 unparseable=0 queue=0 queue_max=213 dropped=0 written=11879 commits=1949
[2026-10-04 09:10:46.595] [info] stats: 10.0 trades/s [ BNBUSDT=4.6 BTCUSDT=3.2 ETHUSDT=0.6 SOLUSDT=1.6 ] total=11933 gaps=4 missing=953 reconnects=4 unparseable=0 queue=0 queue_max=213 dropped=0 written=11933 commits=1961
[2026-10-04 09:10:51.596] [info] stats: 5.6 trades/s [ BNBUSDT=1.0 BTCUSDT=3.4 ETHUSDT=0.8 SOLUSDT=0.4 ] total=11961 gaps=4 missing=953 reconnects=4 unparseable=0 queue=0 queue_max=213 dropped=0 written=11959 commits=1974
[2026-10-04 09:10:56.596] [info] stats: 3.0 trades/s [ BNBUSDT=0.6 BTCUSDT=1.6 ETHUSDT=0.6 SOLUSDT=0.2 ] total=11976 gaps=4 missing=953 reconnects=4 unparseable=0 queue=0 queue_max=213 dropped=0 written=11976 commits=1984
[2026-10-04 09:11:01.597] [info] stats: 4.4 trades/s [ BNBUSDT=0.8 BTCUSDT=2.4 ETHUSDT=0.8 SOLUSDT=0.4 ] total=11998 gaps=4 missing=953 reconnects=4 unparseable=0 queue=0 queue_max=213 dropped=0 written=11997 commits=1992
[2026-10-04 09:11:06.597] [info] stats: 10.6 trades/s [ BNBUSDT=3.4 BTCUSDT=2.6 ETHUSDT=0.0 SOLUSDT=4.6 ] total=12051 gaps=4 missing=953 reconnects=4 unparseable=0 queue=0 queue_max=213 dropped=0 written=12049 commits=2004
[2026-10-04 09:11:11.597] [info] stats: 8.6 trades/s [ BNBUSDT=3.8 BTCUSDT=3.2 ETHUSDT=0.8 SOLUSDT=0.8 ] total=12094 gaps=4 missing=953 reconnects=4 unparseable=0 queue=0 queue_max=213 dropped=0 written=12094 commits=2016
[2026-10-04 09:11:16.598] [info] stats: 7.8 trades/s [ BNBUSDT=2.2 BTCUSDT=3.2 ETHUSDT=2.2 SOLUSDT=0.2 ] total=12133 gaps=4 missing=953 reconnects=4 unparseable=0 queue=0 queue_max=213 dropped=0 written=12132 commits=2029
[2026-10-04 09:11:21.598] [info] stats: 10.4 trades/s [ BNBUSDT=6.4 BTCUSDT=3.0 ETHUSDT=0.6 SOLUSDT=0.4 ] total=12185 gaps=4 missing=953 reconnects=4 unparseable=0 queue=0 queue_max=213 dropped=0 written=12185 commits=2042
[2026-10-04 09:11:26.599] [info] stats: 6.2 trades/s [ BNBUSDT=2.2 BTCUSDT=3.0 ETHUSDT=0.4 SOLUSDT=0.6 ] total=12216 gaps=4 missing=953 reconnects=4 unparseable=0 queue=0 queue_max=213 dropped=0 written=12216 commits=2052
[2026-10-04 09:11:31.599] [info] stats: 11.0 trades/s [ BNBUSDT=7.0 BTCUSDT=1.8 ETHUSDT=0.4 SOLUSDT=1.8 ] total=12271 gaps=4 missing=953 reconnects=4 unparseable=0 queue=0 queue_max=213 dropped=0 written=12271 commits=2064
[2026-10-04 09:11:36.599] [info] stats: 5.8 trades/s [ BNBUSDT=0.6 BTCUSDT=3.0 ETHUSDT=1.8 SOLUSDT=0.4 ] total=12300 gaps=4 missing=953 reconnects=4 unparseable=0 queue=0 queue_max=213 dropped=0 written=12300 commits=2074
[2026-10-04 09:11:41.600] [info] stats: 7.0 trades/s [ BNBUSDT=3.6 BTCUSDT=3.0 ETHUSDT=0.2 SOLUSDT=0.2 ] total=12335 gaps=4 missing=953 reconnects=4 unparseable=0 queue=0 queue_max=213 dropped=0 written=12334 commits=2083
[2026-10-04 09:11:46.600] [info] stats: 23.8 trades/s [ BNBUSDT=2.8 BTCUSDT=2.4 ETHUSDT=18.2 SOLUSDT=0.4 ] total=12454 gaps=4 missing=953 reconnects=4 unparseable=0 queue=0 queue_max=213 dropped=0 written=12454 commits=2097
[2026-10-04 09:11:51.601] [info] stats: 44.4 trades/s [ BNBUSDT=1.4 BTCUSDT=2.8 ETHUSDT=20.6 SOLUSDT=19.6 ] total=12676 gaps=4 missing=953 reconnects=4 unparseable=0 queue=0 queue_max=213 dropped=0 written=12676 commits=2110
[2026-10-04 09:11:56.601] [info] stats: 5.4 trades/s [ BNBUSDT=2.0 BTCUSDT=2.8 ETHUSDT=0.4 SOLUSDT=0.2 ] total=12703 gaps=4 missing=953 reconnects=4 unparseable=0 queue=0 queue_max=213 dropped=0 written=12703 commits=2119
[2026-10-04 09:12:01.601] [info] stats: 7.8 trades/s [ BNBUSDT=2.0 BTCUSDT=3.4 ETHUSDT=1.0 SOLUSDT=1.4 ] total=12742 gaps=4 missing=953 reconnects=4 unparseable=0 queue=0 queue_max=213 dropped=0 written=12742 commits=2131
[2026-10-04 09:12:06.602] [info] stats: 3.2 trades/s [ BNBUSDT=0.2 BTCUSDT=1.6 ETHUSDT=1.2 SOLUSDT=0.2 ] total=12758 gaps=4 missing=953 reconnects=4 unparseable=0 queue=0 queue_max=213 dropped=0 written=12758 commits=2141
[2026-10-04 09:12:11.602] [info] stats: 8.6 trades/s [ BNBUSDT=2.2 BTCUSDT=3.8 ETHUSDT=2.4 SOLUSDT=0.2 ] total=12801 gaps=4 missing=953 reconnects=4 unparseable=0 queue=0 queue_max=213 dropped=0 written=12801 commits=2153
[2026-10-04 09:12:16.602] [info] stats: 15.2 trades/s [ BNBUSDT=0.8 BTCUSDT=4.0 ETHUSDT=9.4 SOLUSDT=1.0 ] total=12877 gaps=4 missing=953 reconnects=4 unparseable=0 queue=0 queue_max=213 dropped=0 written=12877 commits=2165
[2026-10-04 09:12:21.603] [info] stats: 4.8 trades/s [ BNBUSDT=1.4 BTCUSDT=2.8 ETHUSDT=0.6 SOLUSDT=0.0 ] total=12901 gaps=4 missing=953 reconnects=4 unparseable=0 queue=0 queue_max=213 dropped=0 written=12901 commits=2175
[2026-10-04 09:12:26.603] [info] stats: 6.4 trades/s [ BNBUSDT=0.6 BTCUSDT=2.0 ETHUSDT=0.6 SOLUSDT=3.2 ] total=12933 gaps=4 missing=953 reconnects=4 unparseable=0 queue=0 queue_max=213 dropped=0 written=12928 commits=2182
[2026-10-04 09:12:31.604] [info] stats: 13.2 trades/s [ BNBUSDT=11.8 BTCUSDT=1.0 ETHUSDT=0.0 SOLUSDT=0.4 ] total=12999 gaps=4 missing=953 reconnects=4 unparseable=0 queue=0 queue_max=213 dropped=0 written=12999 commits=2194
[2026-10-04 09:12:36.604] [info] stats: 4.6 trades/s [ BNBUSDT=2.4 BTCUSDT=1.8 ETHUSDT=0.4 SOLUSDT=0.0 ] total=13022 gaps=4 missing=953 reconnects=4 unparseable=0 queue=0 queue_max=213 dropped=0 written=13022 commits=2204
[2026-10-04 09:12:41.604] [info] stats: 8.0 trades/s [ BNBUSDT=1.0 BTCUSDT=2.4 ETHUSDT=1.2 SOLUSDT=3.4 ] total=13062 gaps=4 missing=953 reconnects=4 unparseable=0 queue=0 queue_max=213 dropped=0 written=13061 commits=2214
[2026-10-04 09:12:46.605] [info] stats: 6.4 trades/s [ BNBUSDT=0.6 BTCUSDT=4.6 ETHUSDT=1.0 SOLUSDT=0.2 ] total=13094 gaps=4 missing=953 reconnects=4 unparseable=0 queue=0 queue_max=213 dropped=0 written=13090 commits=2225
[2026-10-04 09:12:51.605] [info] stats: 9.2 trades/s [ BNBUSDT=0.0 BTCUSDT=2.0 ETHUSDT=0.4 SOLUSDT=6.8 ] total=13140 gaps=4 missing=953 reconnects=4 unparseable=0 queue=0 queue_max=213 dropped=0 written=13136 commits=2232
[2026-10-04 09:12:56.606] [info] stats: 11.6 trades/s [ BNBUSDT=6.4 BTCUSDT=4.0 ETHUSDT=1.0 SOLUSDT=0.2 ] total=13198 gaps=4 missing=953 reconnects=4 unparseable=0 queue=0 queue_max=213 dropped=0 written=13194 commits=2242
[2026-10-04 09:13:01.606] [info] stats: 24.4 trades/s [ BNBUSDT=14.2 BTCUSDT=8.0 ETHUSDT=1.8 SOLUSDT=0.4 ] total=13320 gaps=4 missing=953 reconnects=4 unparseable=0 queue=0 queue_max=213 dropped=0 written=13320 commits=2254
[2026-10-04 09:13:06.607] [info] stats: 18.0 trades/s [ BNBUSDT=1.0 BTCUSDT=4.0 ETHUSDT=12.8 SOLUSDT=0.2 ] total=13410 gaps=4 missing=953 reconnects=4 unparseable=0 queue=0 queue_max=213 dropped=0 written=13410 commits=2263
[2026-10-04 09:13:11.607] [info] stats: 6.6 trades/s [ BNBUSDT=3.0 BTCUSDT=2.0 ETHUSDT=0.8 SOLUSDT=0.8 ] total=13443 gaps=4 missing=953 reconnects=4 unparseable=0 queue=0 queue_max=213 dropped=0 written=13441 commits=2275
[2026-10-04 09:13:16.607] [info] stats: 6.2 trades/s [ BNBUSDT=1.0 BTCUSDT=2.8 ETHUSDT=1.6 SOLUSDT=0.8 ] total=13474 gaps=4 missing=953 reconnects=4 unparseable=0 queue=0 queue_max=213 dropped=0 written=13474 commits=2285
[2026-10-04 09:13:21.608] [info] stats: 18.8 trades/s [ BNBUSDT=0.0 BTCUSDT=4.0 ETHUSDT=0.8 SOLUSDT=14.0 ] total=13568 gaps=4 missing=953 reconnects=4 unparseable=0 queue=0 queue_max=213 dropped=0 written=13566 commits=2298
[2026-10-04 09:13:26.608] [info] stats: 7.2 trades/s [ BNBUSDT=0.8 BTCUSDT=4.2 ETHUSDT=0.8 SOLUSDT=1.4 ] total=13604 gaps=4 missing=953 reconnects=4 unparseable=0 queue=0 queue_max=213 dropped=0 written=13603 commits=2311
[2026-10-04 09:13:31.609] [info] stats: 4.4 trades/s [ BNBUSDT=0.2 BTCUSDT=2.2 ETHUSDT=0.8 SOLUSDT=1.2 ] total=13626 gaps=4 missing=953 reconnects=4 unparseable=0 queue=0 queue_max=213 dropped=0 written=13626 commits=2323
[2026-10-04 09:13:36.609] [info] stats: 12.4 trades/s [ BNBUSDT=1.2 BTCUSDT=4.4 ETHUSDT=0.2 SOLUSDT=6.6 ] total=13688 gaps=4 missing=953 reconnects=4 unparseable=0 queue=0 queue_max=213 dropped=0 written=13688 commits=2336
[2026-10-04 09:13:41.610] [info] stats: 4.6 trades/s [ BNBUSDT=1.2 BTCUSDT=1.8 ETHUSDT=1.0 SOLUSDT=0.6 ] total=13711 gaps=4 missing=953 reconnects=4 unparseable=0 queue=0 queue_max=213 dropped=0 written=13710 commits=2347
[2026-10-04 09:13:46.610] [info] stats: 13.4 trades/s [ BNBUSDT=0.0 BTCUSDT=6.2 ETHUSDT=7.2 SOLUSDT=0.0 ] total=13778 gaps=4 missing=953 reconnects=4 unparseable=0 queue=0 queue_max=213 dropped=0 written=13778 commits=2356
[2026-10-04 09:13:51.610] [info] stats: 11.2 trades/s [ BNBUSDT=0.8 BTCUSDT=7.8 ETHUSDT=1.2 SOLUSDT=1.4 ] total=13834 gaps=4 missing=953 reconnects=4 unparseable=0 queue=0 queue_max=213 dropped=0 written=13834 commits=2368
[2026-10-04 09:13:56.611] [info] stats: 3.4 trades/s [ BNBUSDT=0.4 BTCUSDT=1.0 ETHUSDT=1.2 SOLUSDT=0.8 ] total=13851 gaps=4 missing=953 reconnects=4 unparseable=0 queue=0 queue_max=213 dropped=0 written=13850 commits=2377
[2026-10-04 09:14:01.611] [info] stats: 2.6 trades/s [ BNBUSDT=1.0 BTCUSDT=0.8 ETHUSDT=0.4 SOLUSDT=0.4 ] total=13864 gaps=4 missing=953 reconnects=4 unparseable=0 queue=0 queue_max=213 dropped=0 written=13864 commits=2385
[2026-10-04 09:14:06.612] [info] stats: 3.2 trades/s [ BNBUSDT=0.4 BTCUSDT=1.8 ETHUSDT=0.6 SOLUSDT=0.4 ] total=13880 gaps=4 missing=953 reconnects=4 unparseable=0 queue=0 queue_max=213 dropped=0 written=13879 commits=2396
[2026-10-04 09:14:11.612] [info] stats: 14.4 trades/s [ BNBUSDT=2.0 BTCUSDT=3.8 ETHUSDT=3.2 SOLUSDT=5.4 ] total=13952 gaps=4 missing=953 reconnects=4 unparseable=0 queue=0 queue_max=213 dropped=0 written=13905 commits=2406
[2026-10-04 09:14:16.613] [info] stats: 135.4 trades/s [ BNBUSDT=18.6 BTCUSDT=81.2 ETHUSDT=15.2 SOLUSDT=20.4 ] total=14629 gaps=4 missing=953 reconnects=4 unparseable=0 queue=0 queue_max=213 dropped=0 written=14629 commits=2419
[2026-10-04 09:14:21.613] [info] stats: 8.8 trades/s [ BNBUSDT=1.6 BTCUSDT=4.4 ETHUSDT=0.8 SOLUSDT=2.0 ] total=14673 gaps=4 missing=953 reconnects=4 unparseable=0 queue=0 queue_max=213 dropped=0 written=14673 commits=2427
[2026-10-04 09:14:26.613] [info] stats: 4.4 trades/s [ BNBUSDT=0.6 BTCUSDT=2.2 ETHUSDT=1.2 SOLUSDT=0.4 ] total=14695 gaps=4 missing=953 reconnects=4 unparseable=0 queue=0 queue_max=213 dropped=0 written=14695 commits=2438
[2026-10-04 09:14:31.614] [info] stats: 26.0 trades/s [ BNBUSDT=0.4 BTCUSDT=3.8 ETHUSDT=19.0 SOLUSDT=2.8 ] total=14825 gaps=4 missing=953 reconnects=4 unparseable=0 queue=0 queue_max=213 dropped=0 written=14822 commits=2447
[2026-10-04 09:14:36.615] [info] stats: 4.4 trades/s [ BNBUSDT=2.8 BTCUSDT=1.2 ETHUSDT=0.0 SOLUSDT=0.4 ] total=14847 gaps=4 missing=953 reconnects=4 unparseable=0 queue=0 queue_max=213 dropped=0 written=14847 commits=2456
[2026-10-04 09:14:41.615] [info] stats: 23.6 trades/s [ BNBUSDT=0.4 BTCUSDT=1.8 ETHUSDT=19.6 SOLUSDT=1.8 ] total=14965 gaps=4 missing=953 reconnects=4 unparseable=0 queue=0 queue_max=213 dropped=0 written=14965 commits=2464
[2026-10-04 09:14:46.615] [info] stats: 4.0 trades/s [ BNBUSDT=0.4 BTCUSDT=1.8 ETHUSDT=1.2 SOLUSDT=0.6 ] total=14985 gaps=4 missing=953 reconnects=4 unparseable=0 queue=0 queue_max=213 dropped=0 written=14984 commits=2474
[2026-10-04 09:14:51.616] [info] stats: 16.8 trades/s [ BNBUSDT=5.8 BTCUSDT=2.2 ETHUSDT=8.4 SOLUSDT=0.4 ] total=15069 gaps=4 missing=953 reconnects=4 unparseable=0 queue=0 queue_max=213 dropped=0 written=15052 commits=2483
[2026-10-04 09:14:56.616] [info] stats: 12.2 trades/s [ BNBUSDT=2.8 BTCUSDT=2.2 ETHUSDT=7.0 SOLUSDT=0.2 ] total=15130 gaps=4 missing=953 reconnects=4 unparseable=0 queue=0 queue_max=213 dropped=0 written=15130 commits=2492
[2026-10-04 09:15:01.616] [info] stats: 60.0 trades/s [ BNBUSDT=12.8 BTCUSDT=27.8 ETHUSDT=14.0 SOLUSDT=5.4 ] total=15430 gaps=4 missing=953 reconnects=4 unparseable=0 queue=0 queue_max=213 dropped=0 written=15427 commits=2504
[2026-10-04 09:15:06.617] [info] stats: 24.8 trades/s [ BNBUSDT=0.2 BTCUSDT=3.2 ETHUSDT=19.0 SOLUSDT=2.4 ] total=15554 gaps=4 missing=953 reconnects=4 unparseable=0 queue=0 queue_max=213 dropped=0 written=15553 commits=2518
[2026-10-04 09:15:11.617] [info] stats: 5.6 trades/s [ BNBUSDT=0.6 BTCUSDT=2.4 ETHUSDT=0.8 SOLUSDT=1.8 ] total=15582 gaps=4 missing=953 reconnects=4 unparseable=0 queue=0 queue_max=213 dropped=0 written=15582 commits=2529
[2026-10-04 09:15:16.618] [info] stats: 6.2 trades/s [ BNBUSDT=0.6 BTCUSDT=5.0 ETHUSDT=0.4 SOLUSDT=0.2 ] total=15613 gaps=4 missing=953 reconnects=4 unparseable=0 queue=0 queue_max=213 dropped=0 written=15611 commits=2542
[2026-10-04 09:15:21.618] [info] stats: 11.6 trades/s [ BNBUSDT=6.2 BTCUSDT=3.6 ETHUSDT=1.0 SOLUSDT=0.8 ] total=15671 gaps=4 missing=953 reconnects=4 unparseable=0 queue=0 queue_max=213 dropped=0 written=15668 commits=2557
[2026-10-04 09:15:26.618] [info] stats: 5.6 trades/s [ BNBUSDT=1.0 BTCUSDT=2.8 ETHUSDT=1.2 SOLUSDT=0.6 ] total=15699 gaps=4 missing=953 reconnects=4 unparseable=0 queue=0 queue_max=213 dropped=0 written=15697 commits=2569
[2026-10-04 09:15:31.619] [info] stats: 11.0 trades/s [ BNBUSDT=0.4 BTCUSDT=3.6 ETHUSDT=0.2 SOLUSDT=6.8 ] total=15754 gaps=4 missing=953 reconnects=4 unparseable=0 queue=0 queue_max=213 dropped=0 written=15752 commits=2581
[2026-10-04 09:15:36.619] [info] stats: 21.8 trades/s [ BNBUSDT=7.4 BTCUSDT=3.6 ETHUSDT=7.2 SOLUSDT=3.6 ] total=15863 gaps=4 missing=953 reconnects=4 unparseable=0 queue=0 queue_max=213 dropped=0 written=15863 commits=2594
[2026-10-04 09:15:41.620] [info] stats: 17.4 trades/s [ BNBUSDT=8.4 BTCUSDT=4.2 ETHUSDT=4.6 SOLUSDT=0.2 ] total=15950 gaps=4 missing=953 reconnects=4 unparseable=0 queue=0 queue_max=213 dropped=0 written=15950 commits=2605
[2026-10-04 09:15:46.620] [info] stats: 32.4 trades/s [ BNBUSDT=1.4 BTCUSDT=17.2 ETHUSDT=9.4 SOLUSDT=4.4 ] total=16112 gaps=4 missing=953 reconnects=4 unparseable=0 queue=0 queue_max=213 dropped=0 written=16091 commits=2619
[2026-10-04 09:15:51.620] [info] stats: 13.8 trades/s [ BNBUSDT=2.0 BTCUSDT=2.2 ETHUSDT=0.0 SOLUSDT=9.6 ] total=16181 gaps=4 missing=953 reconnects=4 unparseable=0 queue=0 queue_max=213 dropped=0 written=16178 commits=2632
[2026-10-04 09:15:56.622] [info] stats: 20.4 trades/s [ BNBUSDT=1.4 BTCUSDT=2.8 ETHUSDT=10.6 SOLUSDT=5.6 ] total=16283 gaps=4 missing=953 reconnects=4 unparseable=0 queue=0 queue_max=213 dropped=0 written=16259 commits=2644
[2026-10-04 09:16:01.622] [info] stats: 8.0 trades/s [ BNBUSDT=2.8 BTCUSDT=2.6 ETHUSDT=1.0 SOLUSDT=1.6 ] total=16323 gaps=4 missing=953 reconnects=4 unparseable=0 queue=0 queue_max=213 dropped=0 written=16323 commits=2659
[2026-10-04 09:16:06.623] [info] stats: 4.8 trades/s [ BNBUSDT=0.4 BTCUSDT=3.0 ETHUSDT=0.6 SOLUSDT=0.8 ] total=16347 gaps=4 missing=953 reconnects=4 unparseable=0 queue=0 queue_max=213 dropped=0 written=16347 commits=2672
[2026-10-04 09:16:11.623] [info] stats: 15.4 trades/s [ BNBUSDT=0.6 BTCUSDT=14.4 ETHUSDT=0.2 SOLUSDT=0.2 ] total=16424 gaps=4 missing=953 reconnects=4 unparseable=0 queue=0 queue_max=213 dropped=0 written=16424 commits=2684
[2026-10-04 09:16:16.624] [info] stats: 35.0 trades/s [ BNBUSDT=15.6 BTCUSDT=5.6 ETHUSDT=6.0 SOLUSDT=7.8 ] total=16599 gaps=4 missing=953 reconnects=4 unparseable=0 queue=0 queue_max=213 dropped=0 written=16598 commits=2700
[2026-10-04 09:16:21.624] [info] stats: 22.6 trades/s [ BNBUSDT=0.6 BTCUSDT=7.6 ETHUSDT=3.2 SOLUSDT=11.2 ] total=16712 gaps=4 missing=953 reconnects=4 unparseable=0 queue=0 queue_max=213 dropped=0 written=16712 commits=2715
[2026-10-04 09:16:26.624] [info] stats: 13.0 trades/s [ BNBUSDT=0.4 BTCUSDT=4.0 ETHUSDT=7.4 SOLUSDT=1.2 ] total=16777 gaps=4 missing=953 reconnects=4 unparseable=0 queue=0 queue_max=213 dropped=0 written=16777 commits=2728
[2026-10-04 09:16:31.625] [info] stats: 3.6 trades/s [ BNBUSDT=0.0 BTCUSDT=3.0 ETHUSDT=0.2 SOLUSDT=0.4 ] total=16795 gaps=4 missing=953 reconnects=4 unparseable=0 queue=0 queue_max=213 dropped=0 written=16794 commits=2736
[2026-10-04 09:16:36.625] [info] stats: 11.2 trades/s [ BNBUSDT=0.4 BTCUSDT=9.4 ETHUSDT=1.0 SOLUSDT=0.4 ] total=16851 gaps=4 missing=953 reconnects=4 unparseable=0 queue=0 queue_max=213 dropped=0 written=16846 commits=2745
[2026-10-04 09:16:41.627] [info] stats: 5.6 trades/s [ BNBUSDT=1.4 BTCUSDT=3.2 ETHUSDT=0.6 SOLUSDT=0.4 ] total=16879 gaps=4 missing=953 reconnects=4 unparseable=0 queue=0 queue_max=213 dropped=0 written=16879 commits=2756
[2026-10-04 09:16:46.628] [info] stats: 46.6 trades/s [ BNBUSDT=0.4 BTCUSDT=28.6 ETHUSDT=10.2 SOLUSDT=7.4 ] total=17112 gaps=4 missing=953 reconnects=4 unparseable=0 queue=0 queue_max=213 dropped=0 written=17111 commits=2767
[2026-10-04 09:16:51.628] [info] stats: 10.6 trades/s [ BNBUSDT=0.8 BTCUSDT=2.6 ETHUSDT=6.8 SOLUSDT=0.4 ] total=17165 gaps=4 missing=953 reconnects=4 unparseable=0 queue=0 queue_max=213 dropped=0 written=17165 commits=2776
[2026-10-04 09:16:56.628] [info] stats: 25.6 trades/s [ BNBUSDT=1.2 BTCUSDT=16.4 ETHUSDT=4.0 SOLUSDT=4.0 ] total=17293 gaps=4 missing=953 reconnects=4 unparseable=0 queue=0 queue_max=213 dropped=0 written=17293 commits=2790
[2026-10-04 09:17:01.629] [info] stats: 4.2 trades/s [ BNBUSDT=0.0 BTCUSDT=3.2 ETHUSDT=0.6 SOLUSDT=0.4 ] total=17314 gaps=4 missing=953 reconnects=4 unparseable=0 queue=0 queue_max=213 dropped=0 written=17312 commits=2800
[2026-10-04 09:17:06.629] [info] stats: 22.6 trades/s [ BNBUSDT=1.0 BTCUSDT=4.0 ETHUSDT=13.0 SOLUSDT=4.6 ] total=17427 gaps=4 missing=953 reconnects=4 unparseable=0 queue=0 queue_max=213 dropped=0 written=17426 commits=2813
[2026-10-04 09:17:11.630] [info] stats: 13.4 trades/s [ BNBUSDT=0.4 BTCUSDT=3.2 ETHUSDT=3.4 SOLUSDT=6.4 ] total=17494 gaps=4 missing=953 reconnects=4 unparseable=0 queue=0 queue_max=213 dropped=0 written=17493 commits=2826
[2026-10-04 09:17:16.630] [info] stats: 12.4 trades/s [ BNBUSDT=0.4 BTCUSDT=3.2 ETHUSDT=7.6 SOLUSDT=1.2 ] total=17556 gaps=4 missing=953 reconnects=4 unparseable=0 queue=0 queue_max=213 dropped=0 written=17553 commits=2840
[2026-10-04 09:17:21.631] [info] stats: 9.6 trades/s [ BNBUSDT=1.2 BTCUSDT=3.8 ETHUSDT=1.0 SOLUSDT=3.6 ] total=17604 gaps=4 missing=953 reconnects=4 unparseable=0 queue=0 queue_max=213 dropped=0 written=17597 commits=2852
[2026-10-04 09:17:26.631] [info] stats: 5.6 trades/s [ BNBUSDT=0.4 BTCUSDT=2.6 ETHUSDT=1.0 SOLUSDT=1.6 ] total=17632 gaps=4 missing=953 reconnects=4 unparseable=0 queue=0 queue_max=213 dropped=0 written=17632 commits=2861
[2026-10-04 09:17:31.631] [info] stats: 5.2 trades/s [ BNBUSDT=1.4 BTCUSDT=2.8 ETHUSDT=0.4 SOLUSDT=0.6 ] total=17658 gaps=4 missing=953 reconnects=4 unparseable=0 queue=0 queue_max=213 dropped=0 written=17658 commits=2872
[2026-10-04 09:17:36.632] [info] stats: 5.6 trades/s [ BNBUSDT=0.2 BTCUSDT=3.8 ETHUSDT=1.2 SOLUSDT=0.4 ] total=17686 gaps=4 missing=953 reconnects=4 unparseable=0 queue=0 queue_max=213 dropped=0 written=17685 commits=2885
[2026-10-04 09:17:41.632] [info] stats: 6.0 trades/s [ BNBUSDT=0.4 BTCUSDT=3.0 ETHUSDT=0.8 SOLUSDT=1.8 ] total=17716 gaps=4 missing=953 reconnects=4 unparseable=0 queue=0 queue_max=213 dropped=0 written=17716 commits=2897
[2026-10-04 09:17:46.632] [info] stats: 5.6 trades/s [ BNBUSDT=0.6 BTCUSDT=3.4 ETHUSDT=0.8 SOLUSDT=0.8 ] total=17744 gaps=4 missing=953 reconnects=4 unparseable=0 queue=0 queue_max=213 dropped=0 written=17743 commits=2908
[2026-10-04 09:17:51.633] [info] stats: 11.6 trades/s [ BNBUSDT=1.4 BTCUSDT=2.6 ETHUSDT=6.8 SOLUSDT=0.8 ] total=17802 gaps=4 missing=953 reconnects=4 unparseable=0 queue=0 queue_max=213 dropped=0 written=17802 commits=2921
[2026-10-04 09:17:56.633] [info] stats: 4.4 trades/s [ BNBUSDT=1.0 BTCUSDT=1.8 ETHUSDT=1.0 SOLUSDT=0.6 ] total=17824 gaps=4 missing=953 reconnects=4 unparseable=0 queue=0 queue_max=213 dropped=0 written=17824 commits=2931
[2026-10-04 09:18:01.634] [info] stats: 5.0 trades/s [ BNBUSDT=2.0 BTCUSDT=2.2 ETHUSDT=0.4 SOLUSDT=0.4 ] total=17849 gaps=4 missing=953 reconnects=4 unparseable=0 queue=0 queue_max=213 dropped=0 written=17848 commits=2944
[2026-10-04 09:18:06.635] [info] stats: 19.2 trades/s [ BNBUSDT=5.6 BTCUSDT=1.6 ETHUSDT=9.2 SOLUSDT=2.8 ] total=17945 gaps=4 missing=953 reconnects=4 unparseable=0 queue=0 queue_max=213 dropped=0 written=17944 commits=2955
[2026-10-04 09:18:11.635] [info] stats: 11.6 trades/s [ BNBUSDT=2.2 BTCUSDT=2.0 ETHUSDT=6.0 SOLUSDT=1.4 ] total=18003 gaps=4 missing=953 reconnects=4 unparseable=0 queue=0 queue_max=213 dropped=0 written=18002 commits=2968
[2026-10-04 09:18:16.635] [info] stats: 4.6 trades/s [ BNBUSDT=0.6 BTCUSDT=2.0 ETHUSDT=1.2 SOLUSDT=0.8 ] total=18026 gaps=4 missing=953 reconnects=4 unparseable=0 queue=0 queue_max=213 dropped=0 written=18026 commits=2979
[2026-10-04 09:18:21.636] [info] stats: 7.2 trades/s [ BNBUSDT=0.6 BTCUSDT=6.2 ETHUSDT=0.2 SOLUSDT=0.2 ] total=18062 gaps=4 missing=953 reconnects=4 unparseable=0 queue=0 queue_max=213 dropped=0 written=18060 commits=2991
[2026-10-04 09:18:26.636] [info] stats: 5.2 trades/s [ BNBUSDT=0.6 BTCUSDT=2.8 ETHUSDT=0.6 SOLUSDT=1.2 ] total=18088 gaps=4 missing=953 reconnects=4 unparseable=0 queue=0 queue_max=213 dropped=0 written=18087 commits=3005
[2026-10-04 09:18:31.637] [info] stats: 6.8 trades/s [ BNBUSDT=1.8 BTCUSDT=4.0 ETHUSDT=0.2 SOLUSDT=0.8 ] total=18122 gaps=4 missing=953 reconnects=4 unparseable=0 queue=0 queue_max=213 dropped=0 written=18121 commits=3017
[2026-10-04 09:18:36.637] [info] stats: 5.6 trades/s [ BNBUSDT=0.6 BTCUSDT=4.0 ETHUSDT=0.2 SOLUSDT=0.8 ] total=18150 gaps=4 missing=953 reconnects=4 unparseable=0 queue=0 queue_max=213 dropped=0 written=18149 commits=3028
[2026-10-04 09:18:41.638] [info] stats: 17.4 trades/s [ BNBUSDT=1.4 BTCUSDT=2.0 ETHUSDT=1.0 SOLUSDT=13.0 ] total=18237 gaps=4 missing=953 reconnects=4 unparseable=0 queue=0 queue_max=213 dropped=0 written=18237 commits=3039
[2026-10-04 09:18:46.638] [info] stats: 56.0 trades/s [ BNBUSDT=0.4 BTCUSDT=49.8 ETHUSDT=1.2 SOLUSDT=4.6 ] total=18517 gaps=4 missing=953 reconnects=4 unparseable=0 queue=0 queue_max=213 dropped=0 written=18517 commits=3048
[2026-10-04 09:18:51.639] [info] stats: 6.0 trades/s [ BNBUSDT=0.6 BTCUSDT=2.2 ETHUSDT=1.2 SOLUSDT=2.0 ] total=18547 gaps=4 missing=953 reconnects=4 unparseable=0 queue=0 queue_max=213 dropped=0 written=18547 commits=3058
[2026-10-04 09:18:56.639] [info] stats: 7.0 trades/s [ BNBUSDT=0.8 BTCUSDT=2.8 ETHUSDT=0.2 SOLUSDT=3.2 ] total=18582 gaps=4 missing=953 reconnects=4 unparseable=0 queue=0 queue_max=213 dropped=0 written=18581 commits=3067
[2026-10-04 09:19:01.640] [info] stats: 4.8 trades/s [ BNBUSDT=0.4 BTCUSDT=3.4 ETHUSDT=1.0 SOLUSDT=0.0 ] total=18606 gaps=4 missing=953 reconnects=4 unparseable=0 queue=0 queue_max=213 dropped=0 written=18601 commits=3079
[2026-10-04 09:19:06.640] [info] stats: 8.8 trades/s [ BNBUSDT=0.2 BTCUSDT=2.4 ETHUSDT=0.4 SOLUSDT=5.8 ] total=18650 gaps=4 missing=953 reconnects=4 unparseable=0 queue=0 queue_max=213 dropped=0 written=18650 commits=3091
[2026-10-04 09:19:11.641] [info] stats: 4.4 trades/s [ BNBUSDT=0.2 BTCUSDT=2.2 ETHUSDT=0.6 SOLUSDT=1.4 ] total=18672 gaps=4 missing=953 reconnects=4 unparseable=0 queue=0 queue_max=213 dropped=0 written=18671 commits=3101
[2026-10-04 09:19:16.641] [info] stats: 9.8 trades/s [ BNBUSDT=3.2 BTCUSDT=2.6 ETHUSDT=0.8 SOLUSDT=3.2 ] total=18721 gaps=4 missing=953 reconnects=4 unparseable=0 queue=0 queue_max=213 dropped=0 written=18721 commits=3112
[2026-10-04 09:19:21.642] [info] stats: 8.0 trades/s [ BNBUSDT=1.2 BTCUSDT=2.8 ETHUSDT=0.4 SOLUSDT=3.6 ] total=18761 gaps=4 missing=953 reconnects=4 unparseable=0 queue=0 queue_max=213 dropped=0 written=18758 commits=3122
[2026-10-04 09:19:26.642] [info] stats: 3.4 trades/s [ BNBUSDT=0.4 BTCUSDT=2.0 ETHUSDT=0.4 SOLUSDT=0.6 ] total=18778 gaps=4 missing=953 reconnects=4 unparseable=0 queue=0 queue_max=213 dropped=0 written=18778 commits=3133
[2026-10-04 09:19:31.643] [info] stats: 8.8 trades/s [ BNBUSDT=4.8 BTCUSDT=2.6 ETHUSDT=0.4 SOLUSDT=1.0 ] total=18822 gaps=4 missing=953 reconnects=4 unparseable=0 queue=0 queue_max=213 dropped=0 written=18818 commits=3142
[2026-10-04 09:19:36.643] [info] stats: 5.4 trades/s [ BNBUSDT=0.4 BTCUSDT=1.8 ETHUSDT=2.4 SOLUSDT=0.8 ] total=18849 gaps=4 missing=953 reconnects=4 unparseable=0 queue=0 queue_max=213 dropped=0 written=18849 commits=3152
[2026-10-04 09:19:41.644] [info] stats: 4.0 trades/s [ BNBUSDT=1.0 BTCUSDT=2.2 ETHUSDT=0.4 SOLUSDT=0.4 ] total=18869 gaps=4 missing=953 reconnects=4 unparseable=0 queue=0 queue_max=213 dropped=0 written=18869 commits=3161
[2026-10-04 09:19:46.644] [info] stats: 13.8 trades/s [ BNBUSDT=1.2 BTCUSDT=1.2 ETHUSDT=11.4 SOLUSDT=0.0 ] total=18938 gaps=4 missing=953 reconnects=4 unparseable=0 queue=0 queue_max=213 dropped=0 written=18938 commits=3169
[2026-10-04 09:19:51.645] [info] stats: 4.8 trades/s [ BNBUSDT=1.2 BTCUSDT=2.2 ETHUSDT=0.2 SOLUSDT=1.2 ] total=18962 gaps=4 missing=953 reconnects=4 unparseable=0 queue=0 queue_max=213 dropped=0 written=18961 commits=3179
[2026-10-04 09:19:56.647] [info] stats: 106.2 trades/s [ BNBUSDT=85.4 BTCUSDT=1.8 ETHUSDT=11.8 SOLUSDT=7.2 ] total=19493 gaps=4 missing=953 reconnects=4 unparseable=0 queue=0 queue_max=213 dropped=0 written=19493 commits=3190
[2026-10-04 09:20:01.648] [info] stats: 53.6 trades/s [ BNBUSDT=3.6 BTCUSDT=36.6 ETHUSDT=7.4 SOLUSDT=6.0 ] total=19761 gaps=4 missing=953 reconnects=4 unparseable=0 queue=0 queue_max=213 dropped=0 written=19761 commits=3201
[2026-10-04 09:20:06.648] [info] stats: 36.0 trades/s [ BNBUSDT=24.2 BTCUSDT=2.6 ETHUSDT=6.6 SOLUSDT=2.6 ] total=19941 gaps=4 missing=953 reconnects=4 unparseable=0 queue=0 queue_max=213 dropped=0 written=19940 commits=3214
[2026-10-04 09:20:11.648] [info] stats: 12.8 trades/s [ BNBUSDT=4.4 BTCUSDT=6.8 ETHUSDT=0.6 SOLUSDT=1.0 ] total=20005 gaps=4 missing=953 reconnects=4 unparseable=0 queue=0 queue_max=213 dropped=0 written=20005 commits=3227
[2026-10-04 09:20:16.649] [info] stats: 20.4 trades/s [ BNBUSDT=5.0 BTCUSDT=2.0 ETHUSDT=12.6 SOLUSDT=0.8 ] total=20107 gaps=4 missing=953 reconnects=4 unparseable=0 queue=0 queue_max=213 dropped=0 written=20105 commits=3240
[2026-10-04 09:20:21.649] [info] stats: 104.8 trades/s [ BNBUSDT=58.8 BTCUSDT=34.6 ETHUSDT=10.8 SOLUSDT=0.6 ] total=20631 gaps=4 missing=953 reconnects=4 unparseable=0 queue=0 queue_max=213 dropped=0 written=20630 commits=3252
[2026-10-04 09:20:26.650] [info] stats: 83.4 trades/s [ BNBUSDT=69.0 BTCUSDT=5.8 ETHUSDT=8.2 SOLUSDT=0.4 ] total=21048 gaps=4 missing=953 reconnects=4 unparseable=0 queue=0 queue_max=213 dropped=0 written=21046 commits=3267
[2026-10-04 09:20:31.650] [info] stats: 8.6 trades/s [ BNBUSDT=4.6 BTCUSDT=3.4 ETHUSDT=0.2 SOLUSDT=0.4 ] total=21091 gaps=4 missing=953 reconnects=4 unparseable=0 queue=0 queue_max=213 dropped=0 written=21090 commits=3280
[2026-10-04 09:20:36.651] [info] stats: 22.6 trades/s [ BNBUSDT=11.6 BTCUSDT=2.4 ETHUSDT=1.2 SOLUSDT=7.4 ] total=21204 gaps=4 missing=953 reconnects=4 unparseable=0 queue=0 queue_max=213 dropped=0 written=21150 commits=3291
[2026-10-04 09:20:41.651] [info] stats: 18.0 trades/s [ BNBUSDT=13.4 BTCUSDT=2.4 ETHUSDT=0.0 SOLUSDT=2.2 ] total=21294 gaps=4 missing=953 reconnects=4 unparseable=0 queue=0 queue_max=213 dropped=0 written=21293 commits=3304
[2026-10-04 09:20:46.651] [info] stats: 26.0 trades/s [ BNBUSDT=1.4 BTCUSDT=23.8 ETHUSDT=0.2 SOLUSDT=0.6 ] total=21424 gaps=4 missing=953 reconnects=4 unparseable=0 queue=0 queue_max=213 dropped=0 written=21424 commits=3315
[2026-10-04 09:20:51.652] [info] stats: 55.4 trades/s [ BNBUSDT=6.0 BTCUSDT=19.8 ETHUSDT=20.6 SOLUSDT=9.0 ] total=21701 gaps=4 missing=953 reconnects=4 unparseable=0 queue=0 queue_max=213 dropped=0 written=21701 commits=3329
[2026-10-04 09:20:56.652] [info] stats: 30.4 trades/s [ BNBUSDT=4.6 BTCUSDT=2.6 ETHUSDT=22.8 SOLUSDT=0.4 ] total=21853 gaps=4 missing=953 reconnects=4 unparseable=0 queue=0 queue_max=213 dropped=0 written=21852 commits=3337
[2026-10-04 09:21:01.653] [info] stats: 34.8 trades/s [ BNBUSDT=2.0 BTCUSDT=21.4 ETHUSDT=1.8 SOLUSDT=9.6 ] total=22027 gaps=4 missing=953 reconnects=4 unparseable=0 queue=0 queue_max=213 dropped=0 written=22027 commits=3351
[2026-10-04 09:21:06.654] [info] stats: 30.4 trades/s [ BNBUSDT=7.2 BTCUSDT=20.0 ETHUSDT=3.0 SOLUSDT=0.2 ] total=22179 gaps=4 missing=953 reconnects=4 unparseable=0 queue=0 queue_max=213 dropped=0 written=22177 commits=3365
[2026-10-04 09:21:11.654] [info] stats: 30.2 trades/s [ BNBUSDT=5.0 BTCUSDT=20.4 ETHUSDT=3.8 SOLUSDT=1.0 ] total=22330 gaps=4 missing=953 reconnects=4 unparseable=0 queue=0 queue_max=213 dropped=0 written=22327 commits=3376
[2026-10-04 09:21:16.655] [info] stats: 39.0 trades/s [ BNBUSDT=0.6 BTCUSDT=21.4 ETHUSDT=12.8 SOLUSDT=4.2 ] total=22525 gaps=4 missing=953 reconnects=4 unparseable=0 queue=1 queue_max=213 dropped=0 written=22504 commits=3386
[2026-10-04 09:21:21.655] [info] stats: 59.4 trades/s [ BNBUSDT=0.6 BTCUSDT=55.6 ETHUSDT=0.4 SOLUSDT=2.8 ] total=22822 gaps=4 missing=953 reconnects=4 unparseable=0 queue=0 queue_max=213 dropped=0 written=22822 commits=3399
[2026-10-04 09:21:26.656] [info] stats: 9.0 trades/s [ BNBUSDT=0.4 BTCUSDT=3.4 ETHUSDT=1.4 SOLUSDT=3.8 ] total=22867 gaps=4 missing=953 reconnects=4 unparseable=0 queue=0 queue_max=213 dropped=0 written=22866 commits=3409
[2026-10-04 09:21:31.657] [info] stats: 32.8 trades/s [ BNBUSDT=0.2 BTCUSDT=29.8 ETHUSDT=1.6 SOLUSDT=1.2 ] total=23031 gaps=4 missing=953 reconnects=4 unparseable=0 queue=0 queue_max=213 dropped=0 written=23031 commits=3419
[2026-10-04 09:21:36.657] [info] stats: 4.4 trades/s [ BNBUSDT=0.4 BTCUSDT=2.0 ETHUSDT=0.6 SOLUSDT=1.4 ] total=23053 gaps=4 missing=953 reconnects=4 unparseable=0 queue=0 queue_max=213 dropped=0 written=23053 commits=3430
[2026-10-04 09:21:41.657] [info] stats: 7.8 trades/s [ BNBUSDT=0.4 BTCUSDT=2.0 ETHUSDT=4.2 SOLUSDT=1.2 ] total=23092 gaps=4 missing=953 reconnects=4 unparseable=0 queue=0 queue_max=213 dropped=0 written=23092 commits=3438
[2026-10-04 09:21:46.658] [info] stats: 2.6 trades/s [ BNBUSDT=0.2 BTCUSDT=1.6 ETHUSDT=0.4 SOLUSDT=0.4 ] total=23105 gaps=4 missing=953 reconnects=4 unparseable=0 queue=0 queue_max=213 dropped=0 written=23105 commits=3447
[2026-10-04 09:21:51.658] [info] stats: 7.2 trades/s [ BNBUSDT=1.0 BTCUSDT=1.8 ETHUSDT=0.6 SOLUSDT=3.8 ] total=23141 gaps=4 missing=953 reconnects=4 unparseable=0 queue=0 queue_max=213 dropped=0 written=23140 commits=3457
[2026-10-04 09:21:56.659] [info] stats: 2.6 trades/s [ BNBUSDT=0.6 BTCUSDT=1.8 ETHUSDT=0.2 SOLUSDT=0.0 ] total=23154 gaps=4 missing=953 reconnects=4 unparseable=0 queue=0 queue_max=213 dropped=0 written=23154 commits=3465
[2026-10-04 09:22:01.659] [info] stats: 6.4 trades/s [ BNBUSDT=0.6 BTCUSDT=1.6 ETHUSDT=4.2 SOLUSDT=0.0 ] total=23186 gaps=4 missing=953 reconnects=4 unparseable=0 queue=0 queue_max=213 dropped=0 written=23167 commits=3472
[2026-10-04 09:22:06.660] [info] stats: 19.0 trades/s [ BNBUSDT=6.6 BTCUSDT=2.8 ETHUSDT=7.6 SOLUSDT=2.0 ] total=23281 gaps=4 missing=953 reconnects=4 unparseable=0 queue=0 queue_max=213 dropped=0 written=23245 commits=3481
[2026-10-04 09:22:11.660] [info] stats: 6.2 trades/s [ BNBUSDT=1.0 BTCUSDT=1.8 ETHUSDT=3.0 SOLUSDT=0.4 ] total=23312 gaps=4 missing=953 reconnects=4 unparseable=0 queue=0 queue_max=213 dropped=0 written=23308 commits=3493
[2026-10-04 09:22:16.660] [info] stats: 607.2 trades/s [ BNBUSDT=39.6 BTCUSDT=431.4 ETHUSDT=57.2 SOLUSDT=79.0 ] total=26348 gaps=4 missing=953 reconnects=4 unparseable=0 queue=0 queue_max=213 dropped=0 written=26210 commits=3507
[2026-10-04 09:22:21.661] [info] stats: 100.0 trades/s [ BNBUSDT=8.6 BTCUSDT=35.6 ETHUSDT=27.2 SOLUSDT=28.6 ] total=26848 gaps=4 missing=953 reconnects=4 unparseable=0 queue=0 queue_max=213 dropped=0 written=26845 commits=3521
[2026-10-04 09:22:26.661] [info] stats: 24.4 trades/s [ BNBUSDT=5.2 BTCUSDT=10.8 ETHUSDT=4.8 SOLUSDT=3.6 ] total=26970 gaps=4 missing=953 reconnects=4 unparseable=0 queue=0 queue_max=213 dropped=0 written=26965 commits=3535
[2026-10-04 09:22:31.662] [info] stats: 51.4 trades/s [ BNBUSDT=1.6 BTCUSDT=40.0 ETHUSDT=2.2 SOLUSDT=7.6 ] total=27227 gaps=4 missing=953 reconnects=4 unparseable=0 queue=0 queue_max=213 dropped=0 written=27225 commits=3547
[2026-10-04 09:22:36.663] [info] stats: 36.0 trades/s [ BNBUSDT=0.2 BTCUSDT=22.6 ETHUSDT=9.0 SOLUSDT=4.2 ] total=27407 gaps=4 missing=953 reconnects=4 unparseable=0 queue=0 queue_max=213 dropped=0 written=27407 commits=3558
[2026-10-04 09:22:41.663] [info] stats: 178.0 trades/s [ BNBUSDT=11.4 BTCUSDT=132.2 ETHUSDT=21.4 SOLUSDT=13.0 ] total=28297 gaps=4 missing=953 reconnects=4 unparseable=0 queue=0 queue_max=213 dropped=0 written=28297 commits=3570
[2026-10-04 09:22:46.664] [info] stats: 37.8 trades/s [ BNBUSDT=0.6 BTCUSDT=29.8 ETHUSDT=0.4 SOLUSDT=7.0 ] total=28486 gaps=4 missing=953 reconnects=4 unparseable=0 queue=0 queue_max=213 dropped=0 written=28486 commits=3579
[2026-10-04 09:22:51.664] [info] stats: 60.6 trades/s [ BNBUSDT=4.0 BTCUSDT=29.8 ETHUSDT=18.8 SOLUSDT=8.0 ] total=28789 gaps=4 missing=953 reconnects=4 unparseable=0 queue=0 queue_max=213 dropped=0 written=28789 commits=3590
[2026-10-04 09:22:56.665] [info] stats: 33.2 trades/s [ BNBUSDT=7.4 BTCUSDT=2.2 ETHUSDT=13.8 SOLUSDT=9.8 ] total=28955 gaps=4 missing=953 reconnects=4 unparseable=0 queue=0 queue_max=213 dropped=0 written=28924 commits=3598
[2026-10-04 09:23:01.665] [info] stats: 26.6 trades/s [ BNBUSDT=11.0 BTCUSDT=2.6 ETHUSDT=12.6 SOLUSDT=0.4 ] total=29088 gaps=4 missing=953 reconnects=4 unparseable=0 queue=0 queue_max=213 dropped=0 written=29088 commits=3609
[2026-10-04 09:23:06.665] [info] stats: 36.2 trades/s [ BNBUSDT=1.2 BTCUSDT=3.0 ETHUSDT=31.2 SOLUSDT=0.8 ] total=29269 gaps=4 missing=953 reconnects=4 unparseable=0 queue=0 queue_max=213 dropped=0 written=29266 commits=3620
[2026-10-04 09:23:11.666] [info] stats: 22.8 trades/s [ BNBUSDT=0.6 BTCUSDT=3.8 ETHUSDT=18.4 SOLUSDT=0.0 ] total=29383 gaps=4 missing=953 reconnects=4 unparseable=0 queue=0 queue_max=213 dropped=0 written=29383 commits=3631
[2026-10-04 09:23:16.666] [info] stats: 13.2 trades/s [ BNBUSDT=0.6 BTCUSDT=2.0 ETHUSDT=2.2 SOLUSDT=8.4 ] total=29449 gaps=4 missing=953 reconnects=4 unparseable=0 queue=0 queue_max=213 dropped=0 written=29449 commits=3644
[2026-10-04 09:23:21.667] [info] stats: 5.8 trades/s [ BNBUSDT=1.2 BTCUSDT=1.4 ETHUSDT=2.2 SOLUSDT=1.0 ] total=29478 gaps=4 missing=953 reconnects=4 unparseable=0 queue=0 queue_max=213 dropped=0 written=29477 commits=3654
[2026-10-04 09:23:26.667] [info] stats: 120.0 trades/s [ BNBUSDT=1.2 BTCUSDT=76.8 ETHUSDT=22.0 SOLUSDT=20.0 ] total=30078 gaps=4 missing=953 reconnects=4 unparseable=0 queue=0 queue_max=213 dropped=0 written=30078 commits=3666
[2026-10-04 09:23:31.667] [info] stats: 6.2 trades/s [ BNBUSDT=3.0 BTCUSDT=2.0 ETHUSDT=0.6 SOLUSDT=0.6 ] total=30109 gaps=4 missing=953 reconnects=4 unparseable=0 queue=0 queue_max=213 dropped=0 written=30109 commits=3676
[2026-10-04 09:23:36.668] [info] stats: 7.2 trades/s [ BNBUSDT=0.4 BTCUSDT=1.2 ETHUSDT=0.4 SOLUSDT=5.2 ] total=30145 gaps=4 missing=953 reconnects=4 unparseable=0 queue=0 queue_max=213 dropped=0 written=30143 commits=3684
[2026-10-04 09:23:41.668] [info] stats: 30.0 trades/s [ BNBUSDT=0.2 BTCUSDT=5.0 ETHUSDT=22.4 SOLUSDT=2.4 ] total=30295 gaps=4 missing=953 reconnects=4 unparseable=0 queue=0 queue_max=213 dropped=0 written=30285 commits=3695
[2026-10-04 09:23:46.669] [info] stats: 16.8 trades/s [ BNBUSDT=1.0 BTCUSDT=8.4 ETHUSDT=1.4 SOLUSDT=6.0 ] total=30379 gaps=4 missing=953 reconnects=4 unparseable=0 queue=0 queue_max=213 dropped=0 written=30379 commits=3706
[2026-10-04 09:23:51.669] [info] stats: 10.8 trades/s [ BNBUSDT=1.8 BTCUSDT=2.0 ETHUSDT=2.6 SOLUSDT=4.4 ] total=30433 gaps=4 missing=953 reconnects=4 unparseable=0 queue=0 queue_max=213 dropped=0 written=30404 commits=3716
[2026-10-04 09:23:56.669] [info] stats: 28.0 trades/s [ BNBUSDT=2.6 BTCUSDT=2.6 ETHUSDT=17.8 SOLUSDT=5.0 ] total=30573 gaps=4 missing=953 reconnects=4 unparseable=0 queue=0 queue_max=213 dropped=0 written=30573 commits=3727
[2026-10-04 09:24:01.670] [info] stats: 61.4 trades/s [ BNBUSDT=11.0 BTCUSDT=27.4 ETHUSDT=12.4 SOLUSDT=10.6 ] total=30880 gaps=4 missing=953 reconnects=4 unparseable=0 queue=0 queue_max=213 dropped=0 written=30879 commits=3737
[2026-10-04 09:24:06.671] [info] stats: 28.2 trades/s [ BNBUSDT=0.8 BTCUSDT=11.4 ETHUSDT=0.8 SOLUSDT=15.2 ] total=31021 gaps=4 missing=953 reconnects=4 unparseable=0 queue=0 queue_max=213 dropped=0 written=31001 commits=3746
[2026-10-04 09:24:11.671] [info] stats: 33.6 trades/s [ BNBUSDT=7.6 BTCUSDT=15.8 ETHUSDT=9.8 SOLUSDT=0.4 ] total=31189 gaps=4 missing=953 reconnects=4 unparseable=0 queue=0 queue_max=213 dropped=0 written=31184 commits=3759
[2026-10-04 09:24:16.672] [info] stats: 13.4 trades/s [ BNBUSDT=2.2 BTCUSDT=3.0 ETHUSDT=1.0 SOLUSDT=7.2 ] total=31256 gaps=4 missing=953 reconnects=4 unparseable=0 queue=0 queue_max=213 dropped=0 written=31255 commits=3772
[2026-10-04 09:24:21.672] [info] stats: 10.6 trades/s [ BNBUSDT=1.0 BTCUSDT=3.4 ETHUSDT=0.4 SOLUSDT=5.8 ] total=31309 gaps=4 missing=953 reconnects=4 unparseable=0 queue=0 queue_max=213 dropped=0 written=31309 commits=3785
[2026-10-04 09:24:26.672] [info] stats: 15.2 trades/s [ BNBUSDT=1.4 BTCUSDT=10.2 ETHUSDT=0.4 SOLUSDT=3.2 ] total=31385 gaps=4 missing=953 reconnects=4 unparseable=0 queue=0 queue_max=213 dropped=0 written=31385 commits=3799
[2026-10-04 09:24:27.164] [info] received signal 2, shutting down (press Ctrl+C again to force)
[2026-10-04 09:24:27.164] [info] stopping feed client
[2026-10-04 09:24:28.124] [info] connection closed (server skipped TLS close_notify)
[2026-10-04 09:24:28.125] [info] feed stopped: total=31392 gaps=4 missing=953 reconnects=4 unparseable=0 dropped=0 queue_max=213
[2026-10-04 09:24:28.151] [info] shut down
